src/components/media/ModelStudio.tsx(100,53): error TS2307: Cannot find module 'three/examples/jsm/loaders/GLTFLoader' or its corresponding type declarations.
src/components/media/ModelStudio.tsx(107,32): error TS7006: Parameter 'child' implicitly has an 'any' type.
src/components/nexus/Registry.tsx(34,31): error TS2741: Property 'status' is missing in type '{ id: string; name: any; type: "mesh"; url: any; tags: string[]; }' but required in type 'GameAsset'.
src/services/agents/orchestratorAgent.ts(154,32): error TS2339: Property 'content' does not exist on type 'ReadableStream<any> | ModelResponse'.
  Property 'content' does not exist on type 'ReadableStream<any>'.
src/services/agents/orchestratorAgent.ts(237,32): error TS2339: Property 'content' does not exist on type 'ReadableStream<any> | ModelResponse'.
  Property 'content' does not exist on type 'ReadableStream<any>'.
src/services/agents/orchestratorAgent.ts(291,25): error TS2339: Property 'content' does not exist on type 'ReadableStream<any> | ModelResponse'.
  Property 'content' does not exist on type 'ReadableStream<any>'.
src/services/agents/orchestratorAgent.ts(304,17): error TS2339: Property 'imageUrl' does not exist on type 'ReadableStream<any> | ModelResponse'.
  Property 'imageUrl' does not exist on type 'ReadableStream<any>'.
