
[1m[46m RUN [49m[22m [36mv4.0.16 [39m[90mC:/Users/Destiny/Desktop/projects/OKComputer_rebuild my app for me/antigravity-engine[39m

[90mstdout[2m | src/services/n8n/workflowEngine.test.ts[2m > [22m[2mWorkflowEngine[2m > [22m[2mshould execute a linear pipeline successfully
[22m[39m[WORKFLOW] Executing: Test Pipeline

[90mstdout[2m | src/services/n8n/workflowEngine.test.ts[2m > [22m[2mWorkflowEngine[2m > [22m[2mshould execute a linear pipeline successfully
[22m[39m[WORKFLOW] Executing node: 1 (input)

[90mstdout[2m | src/services/n8n/workflowEngine.test.ts[2m > [22m[2mWorkflowEngine[2m > [22m[2mshould execute a linear pipeline successfully
[22m[39m[WORKFLOW] Executing node: 2 (transform)

[90mstdout[2m | src/services/n8n/workflowEngine.test.ts[2m > [22m[2mWorkflowEngine[2m > [22m[2mshould execute a linear pipeline successfully
[22m[39m[WORKFLOW] Executing node: 3 (ai_text)

[90mstdout[2m | src/services/n8n/workflowEngine.test.ts[2m > [22m[2mWorkflowEngine[2m > [22m[2mshould handle execution errors gracefully
[22m[39m[WORKFLOW] Executing: Test Pipeline

[90mstdout[2m | src/services/n8n/workflowEngine.test.ts[2m > [22m[2mWorkflowEngine[2m > [22m[2mshould handle execution errors gracefully
[22m[39m[WORKFLOW] Executing node: 1 (transform)

 [32mΓ£ô[39m src/services/n8n/workflowEngine.test.ts[2m > [22mWorkflowEngine[2m > [22mshould execute a linear pipeline successfully[32m 7[2mms[22m[39m
 [31m├ù[39m src/services/n8n/workflowEngine.test.ts[2m > [22mWorkflowEngine[2m > [22mshould handle execution errors gracefully[32m 7[2mms[22m[39m
[31m   ΓåÆ expected true to be false // Object.is equality[39m
node.exe : 
At C:\Users\Destiny\AppData
\Roaming\npm\npx.ps1:24 
char:5
+     & "node$exe"  "$based
ir/node_modules/npm/bin/npx
-cli.js" $args
+     ~~~~~~~~~~~~~~~~~~~~~
~~~~~~~~~~~~~~~~~~~~~~~~~~~
~~~~~~~~~~~~~~
    + CategoryInfo         
     : NotSpecified: (:St  
  ring) [], RemoteExcept   
 ion
    + FullyQualifiedErrorI 
   d : NativeCommandError
 
[31mΓÄ»ΓÄ»ΓÄ»ΓÄ»ΓÄ»ΓÄ»[39
m[1m[41m Failed Suites 1 
[49m[22m[31mΓÄ»ΓÄ»ΓÄ»ΓÄ»
ΓÄ»ΓÄ»ΓÄ»[39m

[41m[1m FAIL [22m[49m s
rc/services/modelRouter.tes
t.ts[2m [ src/services/mod
elRouter.test.ts ][22m
[31m[1mError[22m: 
[vitest] No "i" export is 
defined on the 
"@instantdb/react" mock. 
Did you forget to return 
it from "vi.mock"?
If you need to partially 
mock a module, you can use 
"importOriginal" helper 
inside:
[39m
vi.mock(import("@instantdb/
react"), async 
(importOriginal) => {
  const actual = await 
importOriginal()
  return {
    ...actual,
    // your mocked methods
  }
})

[36m [2mΓ¥»[22m src/inst
ant.schema.ts:[2m6:17[22m
[39m
    [90m  4| 
[39m[35mimport[39m { i 
} [35mfrom[39m [32m"@ins
tantdb/react"[39m[33m;[3
9m
    [90m  5| [39m
    [90m  6| 
[39m[35mconst[39m 
_schema [33m=[39m i[33m.
[39m[34mschema[39m({
    [90m   | [39m        
        [31m^[39m
    [90m  7| [39m    
entities[33m:[39m {
    [90m  8| [39m        
[90m// System entities 
(InstantDB built-in)[39m
[90m [2mΓ¥»[22m src/lib/
db.ts:[2m2:1[22m[39m

[31m[2mΓÄ»ΓÄ»ΓÄ»ΓÄ»ΓÄ»ΓÄ»
ΓÄ»ΓÄ»ΓÄ»ΓÄ»ΓÄ»ΓÄ»ΓÄ»ΓÄ»ΓÄ»
ΓÄ»ΓÄ»ΓÄ»ΓÄ»ΓÄ»ΓÄ»ΓÄ»ΓÄ»ΓÄ»
[1/2]ΓÄ»[22m[39m


[31mΓÄ»ΓÄ»ΓÄ»ΓÄ»ΓÄ»ΓÄ»ΓÄ»
[39m[1m[41m Failed Tests 
1 [49m[22m[31mΓÄ»ΓÄ»ΓÄ»Γ
Ä»ΓÄ»ΓÄ»ΓÄ»[39m

[41m[1m FAIL [22m[49m s
rc/services/n8n/workflowEng
ine.test.ts[2m > 
[22mWorkflowEngine[2m > 
[22mshould handle 
execution errors gracefully
[31m[1mAssertionError[22
m: expected true to be 
false // Object.is 
equality[39m

[32m- Expected[39m
[31m+ Received[39m

[32m- false[39m
[31m+ true[39m

[36m [2mΓ¥»[22m src/serv
ices/n8n/workflowEngine.tes
t.ts:[2m72:32[22m[39m
    [90m 70| [39m
    [90m 71| [39m        
[35mconst[39m result 
[33m=[39m 
[35mawait[39m engine[33m
.[39m[34mexecute[39m(bad
Workflow)[33m;[39m
    [90m 72| [39m        
[34mexpect[39m(result[33
m.[39msuccess)[33m.[39m
[34mtoBe[39m([35mfalse[3
9m)[33m;[39m
    [90m   | [39m        
                       
[31m^[39m
    [90m 73| [39m        
[34mexpect[39m(result[33
m.[39merror)[33m.[39m[3
4mtoContain[39m([32m'Kabo
om'[39m)[33m;[39m
    [90m 74| [39m    
})[33m;[39m

[31m[2mΓÄ»ΓÄ»ΓÄ»ΓÄ»ΓÄ»ΓÄ»
ΓÄ»ΓÄ»ΓÄ»ΓÄ»ΓÄ»ΓÄ»ΓÄ»ΓÄ»ΓÄ»
ΓÄ»ΓÄ»ΓÄ»ΓÄ»ΓÄ»ΓÄ»ΓÄ»ΓÄ»ΓÄ»
[2/2]ΓÄ»[22m[39m


[2m Test Files [22m [1m[31m2 failed[39m[22m[90m (2)[39m
[2m      Tests [22m [1m[31m1 failed[39m[22m[2m | [22m[1m[32m1 passed[39m[22m[90m (2)[39m
[2m   Start at [22m 00:38:53
[2m   Duration [22m 1.96s[2m (transform 335ms, setup 329ms, import 301ms, tests 15ms, environment 1.99s)[22m

