src/components/RSMVBrowser.tsx(143,18): error TS2304: Cannot find name 'remoteCacheId'.
src/components/RSMVBrowser.tsx(144,18): error TS2304: Cannot find name 'remoteModelId'.
src/components/RSMVBrowser.tsx(148,24): error TS2304: Cannot find name 'remoteModelId'.
src/components/RSMVBrowser.tsx(149,33): error TS2304: Cannot find name 'remoteModelId'.
src/components/RSMVBrowser.tsx(156,9): error TS2304: Cannot find name 'setIsRemoteModalOpen'.
src/components/RSMVBrowser.tsx(319,32): error TS2304: Cannot find name 'setIsRemoteModalOpen'.
src/components/RSMVBrowser.tsx(538,8): error TS2304: Cannot find name 'isRemoteModalOpen'.
src/components/RSMVBrowser.tsx(545,38): error TS2304: Cannot find name 'setIsRemoteModalOpen'.
src/components/RSMVBrowser.tsx(552,26): error TS2304: Cannot find name 'remoteCacheId'.
src/components/RSMVBrowser.tsx(553,36): error TS2304: Cannot find name 'setRemoteCacheId'.
src/components/RSMVBrowser.tsx(562,26): error TS2304: Cannot find name 'remoteModelId'.
src/components/RSMVBrowser.tsx(563,36): error TS2304: Cannot find name 'setRemoteModelId'.
src/services/rsmv/3d/animationframes.ts(5,27): error TS2307: Cannot find module '../../generated/framemaps' or its corresponding type declarations.
src/services/rsmv/3d/animationframes.ts(7,27): error TS2307: Cannot find module '../../generated/sequences' or its corresponding type declarations.
src/services/rsmv/3d/animationframes.ts(8,24): error TS2307: Cannot find module '../../generated/frames' or its corresponding type declarations.
src/services/rsmv/3d/animationframes.ts(80,33): error TS2345: Argument of type 'Object3D<Object3DEventMap>' is not assignable to parameter of type 'Object3D<Object3DEventMap> | AnimationObjectGroup'.
  Type 'import("C:/Users/Destiny/Desktop/projects/OKComputer_rebuild my app for me/antigravity-engine/node_modules/@types/three/build/three.module").Object3D<import("C:/Users/Destiny/Desktop/projects/OKComputer_rebuild my app for me/antigravity-engine/node_modules/@types/three/src/core/Object3D").Object3DEventMap>' is not assignable to type 'import("C:/Users/Destiny/Desktop/projects/OKComputer_rebuild my app for me/antigravity-engine/node_modules/@types/three/src/core/Object3D").Object3D<import("C:/Users/Destiny/Desktop/projects/OKComputer_rebuild my app for me/antigravity-engine/node_modules/@types/three/src/core/Object3D").Object3DEventMap>'.
    The types returned by 'applyQuaternion(...)' are incompatible between these types.
      Type 'Object3D<Object3DEventMap>' is not assignable to type 'this'.
        'this' could be instantiated with an arbitrary type which could be unrelated to 'Object3D<Object3DEventMap>'.
src/services/rsmv/3d/animationframes.ts(236,45): error TS7006: Parameter 'q' implicitly has an 'any' type.
src/services/rsmv/3d/animationframes.ts(419,24): error TS7006: Parameter 'fr' implicitly has an 'any' type.
src/services/rsmv/3d/animationframes.ts(419,28): error TS7006: Parameter 'i' implicitly has an 'any' type.
src/services/rsmv/3d/animationskeletal.ts(5,30): error TS2307: Cannot find module '../../generated/skeletalanim' or its corresponding type declarations.
src/services/rsmv/3d/animationskeletal.ts(6,27): error TS2307: Cannot find module '../../generated/framemaps' or its corresponding type declarations.
src/services/rsmv/3d/animationskeletal.ts(8,27): error TS2307: Cannot find module '../../generated/sequences' or its corresponding type declarations.
src/services/rsmv/3d/animationskeletal.ts(9,24): error TS2307: Cannot find module '../../generated/frames' or its corresponding type declarations.
src/services/rsmv/3d/animationskeletal.ts(63,14): error TS7006: Parameter 'v' implicitly has an 'any' type.
src/services/rsmv/3d/animationskeletal.ts(64,14): error TS7006: Parameter 't' implicitly has an 'any' type.
src/services/rsmv/3d/animationskeletal.ts(236,14): error TS7006: Parameter 'v' implicitly has an 'any' type.
src/services/rsmv/3d/animationskeletal.ts(237,14): error TS7006: Parameter 't' implicitly has an 'any' type.
src/services/rsmv/3d/animationskeletal.ts(261,37): error TS7006: Parameter 'a' implicitly has an 'any' type.
src/services/rsmv/3d/animationskeletal.ts(261,40): error TS7006: Parameter 'b' implicitly has an 'any' type.
src/services/rsmv/3d/avatar.ts(5,33): error TS2307: Cannot find module '../../generated/avataroverrides' or its corresponding type declarations.
src/services/rsmv/3d/avatar.ts(6,25): error TS2307: Cannot find module '../../generated/avatars' or its corresponding type declarations.
src/services/rsmv/3d/avatar.ts(9,22): error TS2307: Cannot find module '../../generated/npcs' or its corresponding type declarations.
src/services/rsmv/3d/avatar.ts(94,67): error TS7006: Parameter 'q' implicitly has an 'any' type.
src/services/rsmv/3d/avatar.ts(95,53): error TS7006: Parameter 'w' implicitly has an 'any' type.
src/services/rsmv/3d/avatar.ts(168,22): error TS7053: Element implicitly has an 'any' type because expression of type 'number' can't be used to index type '{ 4: number; 6: number; 7: number; 8: number; 9: number; 10: number; }'.
  No index signature with a parameter of type 'number' was found on type '{ 4: number; 6: number; 7: number; 8: number; 9: number; 10: number; }'.
src/services/rsmv/3d/avatar.ts(190,38): error TS7006: Parameter 'q' implicitly has an 'any' type.
src/services/rsmv/3d/avatar.ts(257,24): error TS7006: Parameter 'slot' implicitly has an 'any' type.
src/services/rsmv/3d/avatar.ts(265,61): error TS7015: Element implicitly has an 'any' type because index expression is not of type 'number'.
src/services/rsmv/3d/avatar.ts(271,67): error TS7015: Element implicitly has an 'any' type because index expression is not of type 'number'.
src/services/rsmv/3d/avatar.ts(274,52): error TS7015: Element implicitly has an 'any' type because index expression is not of type 'number'.
src/services/rsmv/3d/avatar.ts(293,45): error TS7006: Parameter 'q' implicitly has an 'any' type.
src/services/rsmv/3d/avatar.ts(342,52): error TS7006: Parameter 'q' implicitly has an 'any' type.
src/services/rsmv/3d/avatar.ts(345,60): error TS7006: Parameter 'q' implicitly has an 'any' type.
src/services/rsmv/3d/avatar.ts(399,28): error TS7006: Parameter 'q' implicitly has an 'any' type.
src/services/rsmv/3d/classicmap.ts(2,37): error TS2307: Cannot find module '../../generated/mapsquare_locations' or its corresponding type declarations.
src/services/rsmv/3d/classicmap.ts(3,33): error TS2307: Cannot find module '../../generated/mapsquare_tiles' or its corresponding type declarations.
src/services/rsmv/3d/classicmap.ts(4,37): error TS2307: Cannot find module '../../generated/mapsquare_underlays' or its corresponding type declarations.
src/services/rsmv/3d/classicmap.ts(5,25): error TS2307: Cannot find module '../../generated/objects' or its corresponding type declarations.
src/services/rsmv/3d/jmat.ts(3,32): error TS2307: Cannot find module '../../generated/materials' or its corresponding type declarations.
src/services/rsmv/3d/jmat.ts(4,38): error TS2307: Cannot find module 'cache' or its corresponding type declarations.
src/services/rsmv/3d/jmat.ts(52,33): error TS7006: Parameter 'q' implicitly has an 'any' type.
src/services/rsmv/3d/mapsquare.ts(4,37): error TS2307: Cannot find module '../../generated/mapsquare_underlays' or its corresponding type declarations.
src/services/rsmv/3d/mapsquare.ts(5,36): error TS2307: Cannot find module '../../generated/mapsquare_overlays' or its corresponding type declarations.
src/services/rsmv/3d/mapsquare.ts(6,37): error TS2307: Cannot find module '../../generated/mapsquare_locations' or its corresponding type declarations.
src/services/rsmv/3d/mapsquare.ts(8,33): error TS2307: Cannot find module '../../generated/mapsquare_tiles' or its corresponding type declarations.
src/services/rsmv/3d/mapsquare.ts(9,38): error TS2307: Cannot find module '../../generated/mapsquare_watertiles' or its corresponding type declarations.
src/services/rsmv/3d/mapsquare.ts(13,25): error TS2307: Cannot find module '../../generated/objects' or its corresponding type declarations.
src/services/rsmv/3d/mapsquare.ts(22,37): error TS2307: Cannot find module '../../generated/mapsquare_tiles_nxt' or its corresponding type declarations.
src/services/rsmv/3d/mapsquare.ts(512,14): error TS7053: Element implicitly has an 'any' type because expression of type 'number' can't be used to index type 'ArrayBufferView<ArrayBufferLike>'.
  No index signature with a parameter of type 'number' was found on type 'ArrayBufferView<ArrayBufferLike>'.
src/services/rsmv/3d/mapsquare.ts(513,14): error TS7053: Element implicitly has an 'any' type because expression of type 'number' can't be used to index type 'ArrayBufferView<ArrayBufferLike>'.
  No index signature with a parameter of type 'number' was found on type 'ArrayBufferView<ArrayBufferLike>'.
src/services/rsmv/3d/mapsquare.ts(514,14): error TS7053: Element implicitly has an 'any' type because expression of type 'number' can't be used to index type 'ArrayBufferView<ArrayBufferLike>'.
  No index signature with a parameter of type 'number' was found on type 'ArrayBufferView<ArrayBufferLike>'.
src/services/rsmv/3d/mapsquare.ts(532,3): error TS7053: Element implicitly has an 'any' type because expression of type 'number' can't be used to index type 'ArrayBufferView<ArrayBufferLike>'.
  No index signature with a parameter of type 'number' was found on type 'ArrayBufferView<ArrayBufferLike>'.
src/services/rsmv/3d/mapsquare.ts(533,3): error TS7053: Element implicitly has an 'any' type because expression of type 'number' can't be used to index type 'ArrayBufferView<ArrayBufferLike>'.
  No index signature with a parameter of type 'number' was found on type 'ArrayBufferView<ArrayBufferLike>'.
src/services/rsmv/3d/mapsquare.ts(534,3): error TS7053: Element implicitly has an 'any' type because expression of type 'number' can't be used to index type 'ArrayBufferView<ArrayBufferLike>'.
  No index signature with a parameter of type 'number' was found on type 'ArrayBufferView<ArrayBufferLike>'.
src/services/rsmv/3d/mapsquare.ts(1264,8): error TS2739: Type 'Mesh<any, any, any>' is missing the following properties from type 'Object3D<Object3DEventMap>': setPointerCapture, releasePointerCapture, hasPointerCapture
src/services/rsmv/3d/mapsquare.ts(1271,5): error TS2322: Type 'import("C:/Users/Destiny/Desktop/projects/OKComputer_rebuild my app for me/antigravity-engine/node_modules/@types/three/src/core/Object3D").Object3D<import("C:/Users/Destiny/Desktop/projects/OKComputer_rebuild my app for me/antigravity-engine/node_modules/@types/three/src/core/Object3D").Object3DEventMap> | null' is not assignable to type 'import("C:/Users/Destiny/Desktop/projects/OKComputer_rebuild my app for me/antigravity-engine/node_modules/@types/three/build/three.module").Object3D<import("C:/Users/Destiny/Desktop/projects/OKComputer_rebuild my app for me/antigravity-engine/node_modules/@types/three/src/core/Object3D").Object3DEventMap> | null'.
  Type 'Object3D<Object3DEventMap>' is missing the following properties from type 'Object3D<Object3DEventMap>': setPointerCapture, releasePointerCapture, hasPointerCapture
src/services/rsmv/3d/mapsquare.ts(1524,11): error TS18046: 'tex.image' is of type 'unknown'.
src/services/rsmv/3d/mapsquare.ts(1525,11): error TS18046: 'tex.image' is of type 'unknown'.
src/services/rsmv/3d/mapsquare.ts(1786,49): error TS7006: Parameter 'q' implicitly has an 'any' type.
src/services/rsmv/3d/mapsquare.ts(2252,17): error TS7053: Element implicitly has an 'any' type because expression of type 'number' can't be used to index type 'ArrayBufferView<ArrayBufferLike>'.
  No index signature with a parameter of type 'number' was found on type 'ArrayBufferView<ArrayBufferLike>'.
src/services/rsmv/3d/mapsquare.ts(2252,33): error TS7053: Element implicitly has an 'any' type because expression of type 'number' can't be used to index type 'ArrayBufferView<ArrayBufferLike>'.
  No index signature with a parameter of type 'number' was found on type 'ArrayBufferView<ArrayBufferLike>'.
src/services/rsmv/3d/mapsquare.ts(2252,49): error TS7053: Element implicitly has an 'any' type because expression of type 'number' can't be used to index type 'ArrayBufferView<ArrayBufferLike>'.
  No index signature with a parameter of type 'number' was found on type 'ArrayBufferView<ArrayBufferLike>'.
src/services/rsmv/3d/mapsquare.ts(2255,6): error TS7053: Element implicitly has an 'any' type because expression of type 'number' can't be used to index type 'ArrayBufferView<ArrayBufferLike>'.
  No index signature with a parameter of type 'number' was found on type 'ArrayBufferView<ArrayBufferLike>'.
src/services/rsmv/3d/mapsquare.ts(2256,6): error TS7053: Element implicitly has an 'any' type because expression of type 'number' can't be used to index type 'ArrayBufferView<ArrayBufferLike>'.
  No index signature with a parameter of type 'number' was found on type 'ArrayBufferView<ArrayBufferLike>'.
src/services/rsmv/3d/mapsquare.ts(2257,6): error TS7053: Element implicitly has an 'any' type because expression of type 'number' can't be used to index type 'ArrayBufferView<ArrayBufferLike>'.
  No index signature with a parameter of type 'number' was found on type 'ArrayBufferView<ArrayBufferLike>'.
src/services/rsmv/3d/mapsquare.ts(2275,7): error TS7053: Element implicitly has an 'any' type because expression of type 'number' can't be used to index type 'ArrayBufferView<ArrayBufferLike>'.
  No index signature with a parameter of type 'number' was found on type 'ArrayBufferView<ArrayBufferLike>'.
src/services/rsmv/3d/mapsquare.ts(2275,24): error TS7053: Element implicitly has an 'any' type because expression of type 'number' can't be used to index type 'ArrayBufferView<ArrayBufferLike>'.
  No index signature with a parameter of type 'number' was found on type 'ArrayBufferView<ArrayBufferLike>'.
src/services/rsmv/3d/mapsquare.ts(2276,7): error TS7053: Element implicitly has an 'any' type because expression of type 'number' can't be used to index type 'ArrayBufferView<ArrayBufferLike>'.
  No index signature with a parameter of type 'number' was found on type 'ArrayBufferView<ArrayBufferLike>'.
src/services/rsmv/3d/mapsquare.ts(2276,24): error TS7053: Element implicitly has an 'any' type because expression of type 'number' can't be used to index type 'ArrayBufferView<ArrayBufferLike>'.
  No index signature with a parameter of type 'number' was found on type 'ArrayBufferView<ArrayBufferLike>'.
src/services/rsmv/3d/mapsquare.ts(2277,7): error TS7053: Element implicitly has an 'any' type because expression of type 'number' can't be used to index type 'ArrayBufferView<ArrayBufferLike>'.
  No index signature with a parameter of type 'number' was found on type 'ArrayBufferView<ArrayBufferLike>'.
src/services/rsmv/3d/mapsquare.ts(2277,24): error TS7053: Element implicitly has an 'any' type because expression of type 'number' can't be used to index type 'ArrayBufferView<ArrayBufferLike>'.
  No index signature with a parameter of type 'number' was found on type 'ArrayBufferView<ArrayBufferLike>'.
src/services/rsmv/3d/mapsquare.ts(2278,7): error TS7053: Element implicitly has an 'any' type because expression of type 'number' can't be used to index type 'ArrayBufferView<ArrayBufferLike>'.
  No index signature with a parameter of type 'number' was found on type 'ArrayBufferView<ArrayBufferLike>'.
src/services/rsmv/3d/mapsquare.ts(2278,24): error TS7053: Element implicitly has an 'any' type because expression of type 'number' can't be used to index type 'ArrayBufferView<ArrayBufferLike>'.
  No index signature with a parameter of type 'number' was found on type 'ArrayBufferView<ArrayBufferLike>'.
src/services/rsmv/3d/mapsquare.ts(2284,7): error TS7053: Element implicitly has an 'any' type because expression of type 'number' can't be used to index type 'ArrayBufferView<ArrayBufferLike>'.
  No index signature with a parameter of type 'number' was found on type 'ArrayBufferView<ArrayBufferLike>'.
src/services/rsmv/3d/mapsquare.ts(2284,24): error TS7053: Element implicitly has an 'any' type because expression of type 'number' can't be used to index type 'ArrayBufferView<ArrayBufferLike>'.
  No index signature with a parameter of type 'number' was found on type 'ArrayBufferView<ArrayBufferLike>'.
src/services/rsmv/3d/mapsquare.ts(2285,7): error TS7053: Element implicitly has an 'any' type because expression of type 'number' can't be used to index type 'ArrayBufferView<ArrayBufferLike>'.
  No index signature with a parameter of type 'number' was found on type 'ArrayBufferView<ArrayBufferLike>'.
src/services/rsmv/3d/mapsquare.ts(2285,24): error TS7053: Element implicitly has an 'any' type because expression of type 'number' can't be used to index type 'ArrayBufferView<ArrayBufferLike>'.
  No index signature with a parameter of type 'number' was found on type 'ArrayBufferView<ArrayBufferLike>'.
src/services/rsmv/3d/mapsquare.ts(2286,7): error TS7053: Element implicitly has an 'any' type because expression of type 'number' can't be used to index type 'ArrayBufferView<ArrayBufferLike>'.
  No index signature with a parameter of type 'number' was found on type 'ArrayBufferView<ArrayBufferLike>'.
src/services/rsmv/3d/mapsquare.ts(2286,24): error TS7053: Element implicitly has an 'any' type because expression of type 'number' can't be used to index type 'ArrayBufferView<ArrayBufferLike>'.
  No index signature with a parameter of type 'number' was found on type 'ArrayBufferView<ArrayBufferLike>'.
src/services/rsmv/3d/mapsquare.ts(2292,6): error TS7053: Element implicitly has an 'any' type because expression of type 'number' can't be used to index type 'ArrayBufferView<ArrayBufferLike>'.
  No index signature with a parameter of type 'number' was found on type 'ArrayBufferView<ArrayBufferLike>'.
src/services/rsmv/3d/mapsquare.ts(2293,6): error TS7053: Element implicitly has an 'any' type because expression of type 'number' can't be used to index type 'ArrayBufferView<ArrayBufferLike>'.
  No index signature with a parameter of type 'number' was found on type 'ArrayBufferView<ArrayBufferLike>'.
src/services/rsmv/3d/mapsquare.ts(2294,6): error TS7053: Element implicitly has an 'any' type because expression of type 'number' can't be used to index type 'ArrayBufferView<ArrayBufferLike>'.
  No index signature with a parameter of type 'number' was found on type 'ArrayBufferView<ArrayBufferLike>'.
src/services/rsmv/3d/mapsquare.ts(2296,7): error TS7053: Element implicitly has an 'any' type because expression of type 'number' can't be used to index type 'ArrayBufferView<ArrayBufferLike>'.
  No index signature with a parameter of type 'number' was found on type 'ArrayBufferView<ArrayBufferLike>'.
src/services/rsmv/3d/modelnodes.ts(6,29): error TS2307: Cannot find module 'autobind-decorator' or its corresponding type declarations.
src/services/rsmv/3d/modelnodes.ts(15,34): error TS2307: Cannot find module '../../generated/animgroupconfigs' or its corresponding type declarations.
src/services/rsmv/3d/modelnodes.ts(16,19): error TS2307: Cannot find module 'node-fetch' or its corresponding type declarations.
src/services/rsmv/3d/modelnodes.ts(77,36): error TS7006: Parameter 'q' implicitly has an 'any' type.
src/services/rsmv/3d/modelnodes.ts(107,28): error TS7006: Parameter 'q' implicitly has an 'any' type.
src/services/rsmv/3d/modelnodes.ts(147,34): error TS7006: Parameter 'm' implicitly has an 'any' type.
src/services/rsmv/3d/modelnodes.ts(147,53): error TS7006: Parameter 'q' implicitly has an 'any' type.
src/services/rsmv/3d/modelnodes.ts(148,44): error TS7006: Parameter 'm' implicitly has an 'any' type.
src/services/rsmv/3d/modelnodes.ts(148,63): error TS7006: Parameter 'q' implicitly has an 'any' type.
src/services/rsmv/3d/modelnodes.ts(195,7): error TS7053: Element implicitly has an 'any' type because expression of type 'string' can't be used to index type '{ diffuse?: number | undefined; normal?: number | undefined; compound?: number | undefined; }'.
  No index signature with a parameter of type 'string' was found on type '{ diffuse?: number | undefined; normal?: number | undefined; compound?: number | undefined; }'.
src/services/rsmv/3d/modelnodes.ts(196,61): error TS7053: Element implicitly has an 'any' type because expression of type 'string' can't be used to index type '{ diffuse?: number | undefined; normal?: number | undefined; compound?: number | undefined; }'.
  No index signature with a parameter of type 'string' was found on type '{ diffuse?: number | undefined; normal?: number | undefined; compound?: number | undefined; }'.
src/services/rsmv/3d/modelnodes.ts(233,4): error TS2739: Type 'Group<Object3DEventMap>' is missing the following properties from type 'Object3D<Object3DEventMap>': setPointerCapture, releasePointerCapture, hasPointerCapture
src/services/rsmv/3d/modelnodes.ts(297,22): error TS2345: Argument of type 'import("C:/Users/Destiny/Desktop/projects/OKComputer_rebuild my app for me/antigravity-engine/node_modules/@types/three/build/three.module").Object3D<import("C:/Users/Destiny/Desktop/projects/OKComputer_rebuild my app for me/antigravity-engine/node_modules/@types/three/src/core/Object3D").Object3DEventMap>' is not assignable to parameter of type 'import("C:/Users/Destiny/Desktop/projects/OKComputer_rebuild my app for me/antigravity-engine/node_modules/@types/three/src/core/Object3D").Object3D<import("C:/Users/Destiny/Desktop/projects/OKComputer_rebuild my app for me/antigravity-engine/node_modules/@types/three/src/core/Object3D").Object3DEventMap>'.
  The types returned by 'applyQuaternion(...)' are incompatible between these types.
    Type 'Object3D<Object3DEventMap>' is not assignable to type 'this'.
      'this' could be instantiated with an arbitrary type which could be unrelated to 'Object3D<Object3DEventMap>'.
src/services/rsmv/3d/modelnodes.ts(314,44): error TS2769: No overload matches this call.
  Overload 1 of 2, '(clip: AnimationClip, optionalRoot?: Object3D<Object3DEventMap> | AnimationObjectGroup | undefined, blendMode?: AnimationBlendMode | undefined): AnimationAction', gave the following error.
    Argument of type 'Object3D<Object3DEventMap>' is not assignable to parameter of type 'Object3D<Object3DEventMap> | AnimationObjectGroup | undefined'.
      Type 'import("C:/Users/Destiny/Desktop/projects/OKComputer_rebuild my app for me/antigravity-engine/node_modules/@types/three/build/three.module").Object3D<import("C:/Users/Destiny/Desktop/projects/OKComputer_rebuild my app for me/antigravity-engine/node_modules/@types/three/src/core/Object3D").Object3DEventMap>' is not assignable to type 'import("C:/Users/Destiny/Desktop/projects/OKComputer_rebuild my app for me/antigravity-engine/node_modules/@types/three/src/core/Object3D").Object3D<import("C:/Users/Destiny/Desktop/projects/OKComputer_rebuild my app for me/antigravity-engine/node_modules/@types/three/src/core/Object3D").Object3DEventMap>'.
        The types returned by 'applyQuaternion(...)' are incompatible between these types.
          Type 'Object3D<Object3DEventMap>' is not assignable to type 'this'.
            'this' could be instantiated with an arbitrary type which could be unrelated to 'Object3D<Object3DEventMap>'.
  Overload 2 of 2, '(clip: string | AnimationClip, optionalRoot?: Object3D<Object3DEventMap> | AnimationObjectGroup | undefined, blendMode?: AnimationBlendMode | undefined): AnimationAction | null', gave the following error.
    Argument of type 'Object3D<Object3DEventMap>' is not assignable to parameter of type 'Object3D<Object3DEventMap> | AnimationObjectGroup | undefined'.
      Type 'import("C:/Users/Destiny/Desktop/projects/OKComputer_rebuild my app for me/antigravity-engine/node_modules/@types/three/build/three.module").Object3D<import("C:/Users/Destiny/Desktop/projects/OKComputer_rebuild my app for me/antigravity-engine/node_modules/@types/three/src/core/Object3D").Object3DEventMap>' is not assignable to type 'import("C:/Users/Destiny/Desktop/projects/OKComputer_rebuild my app for me/antigravity-engine/node_modules/@types/three/src/core/Object3D").Object3D<import("C:/Users/Destiny/Desktop/projects/OKComputer_rebuild my app for me/antigravity-engine/node_modules/@types/three/src/core/Object3D").Object3DEventMap>'.
        The types returned by 'applyQuaternion(...)' are incompatible between these types.
          Type 'Object3D<Object3DEventMap>' is not assignable to type 'this'.
            'this' could be instantiated with an arbitrary type which could be unrelated to 'Object3D<Object3DEventMap>'.
src/services/rsmv/3d/modelnodes.ts(450,29): error TS2345: Argument of type 'import("C:/Users/Destiny/Desktop/projects/OKComputer_rebuild my app for me/antigravity-engine/node_modules/@types/three/build/three.module").Object3D<import("C:/Users/Destiny/Desktop/projects/OKComputer_rebuild my app for me/antigravity-engine/node_modules/@types/three/src/core/Object3D").Object3DEventMap>' is not assignable to parameter of type 'import("C:/Users/Destiny/Desktop/projects/OKComputer_rebuild my app for me/antigravity-engine/node_modules/@types/three/src/core/Object3D").Object3D<import("C:/Users/Destiny/Desktop/projects/OKComputer_rebuild my app for me/antigravity-engine/node_modules/@types/three/src/core/Object3D").Object3DEventMap>'.
  The types returned by 'applyQuaternion(...)' are incompatible between these types.
    Type 'Object3D<Object3DEventMap>' is not assignable to type 'this'.
      'this' could be instantiated with an arbitrary type which could be unrelated to 'Object3D<Object3DEventMap>'.
src/services/rsmv/3d/modelnodes.ts(479,11): error TS7053: Element implicitly has an 'any' type because expression of type 'string' can't be used to index type 'typeof globalThis'.
  No index signature with a parameter of type 'string' was found on type 'typeof globalThis'.
src/services/rsmv/3d/modelnodes.ts(498,4): error TS2739: Type 'Group<Object3DEventMap>' is missing the following properties from type 'Object3D<Object3DEventMap>': setPointerCapture, releasePointerCapture, hasPointerCapture
src/services/rsmv/3d/modelnodes.ts(506,46): error TS7017: Element implicitly has an 'any' type because type 'typeof globalThis' has no index signature.
src/services/rsmv/3d/modelnodes.ts(509,10): error TS7053: Element implicitly has an 'any' type because expression of type 'string' can't be used to index type 'typeof globalThis'.
  No index signature with a parameter of type 'string' was found on type 'typeof globalThis'.
src/services/rsmv/3d/modelnodes.ts(510,6): error TS7053: Element implicitly has an 'any' type because expression of type 'string' can't be used to index type 'typeof globalThis'.
  No index signature with a parameter of type 'string' was found on type 'typeof globalThis'.
src/services/rsmv/3d/modelnodes.ts(559,50): error TS7006: Parameter 'a' implicitly has an 'any' type.
src/services/rsmv/3d/modelnodes.ts(559,53): error TS7006: Parameter 'v' implicitly has an 'any' type.
src/services/rsmv/3d/webglleaktest.ts(71,28): error TS2556: A spread argument must either have a tuple type or be passed to a rest parameter.
src/services/rsmv/3d/webglleaktest.ts(112,13): error TS7017: Element implicitly has an 'any' type because type 'typeof globalThis' has no index signature.
src/services/rsmv/3d/webglleaktest.ts(113,13): error TS7017: Element implicitly has an 'any' type because type 'typeof globalThis' has no index signature.
src/services/rsmv/3d/webglleaktest.ts(114,13): error TS7017: Element implicitly has an 'any' type because type 'typeof globalThis' has no index signature.
src/services/rsmv/3d/webglleaktest.ts(115,13): error TS7017: Element implicitly has an 'any' type because type 'typeof globalThis' has no index signature.
src/services/rsmv/3d/webglleaktest.ts(116,13): error TS7017: Element implicitly has an 'any' type because type 'typeof globalThis' has no index signature.
src/services/rsmv/buildfiletypes.ts(32,25): error TS18046: 'e' is of type 'unknown'.
src/services/rsmv/cache/classicloader.ts(102,21): error TS7053: Element implicitly has an 'any' type because expression of type 'string' can't be used to index type 'CacheVersion'.
  No index signature with a parameter of type 'string' was found on type 'CacheVersion'.
src/services/rsmv/cache/classicloader.ts(102,59): error TS7053: Element implicitly has an 'any' type because expression of type 'string' can't be used to index type 'CacheVersion'.
  No index signature with a parameter of type 'string' was found on type 'CacheVersion'.
src/services/rsmv/cache/classicloader.ts(102,96): error TS7053: Element implicitly has an 'any' type because expression of type 'string' can't be used to index type 'CacheVersion'.
  No index signature with a parameter of type 'string' was found on type 'CacheVersion'.
src/services/rsmv/cache/classicloader.ts(103,21): error TS7053: Element implicitly has an 'any' type because expression of type 'string' can't be used to index type 'CacheVersion'.
  No index signature with a parameter of type 'string' was found on type 'CacheVersion'.
src/services/rsmv/cache/classicloader.ts(112,17): error TS7053: Element implicitly has an 'any' type because expression of type 'string' can't be used to index type 'CacheVersion'.
  No index signature with a parameter of type 'string' was found on type 'CacheVersion'.
src/services/rsmv/cache/classicloader.ts(112,40): error TS7053: Element implicitly has an 'any' type because expression of type 'string' can't be used to index type 'CacheVersion'.
  No index signature with a parameter of type 'string' was found on type 'CacheVersion'.
src/services/rsmv/cache/classicloader.ts(114,17): error TS7053: Element implicitly has an 'any' type because expression of type 'string' can't be used to index type 'CacheVersion'.
  No index signature with a parameter of type 'string' was found on type 'CacheVersion'.
src/services/rsmv/cache/classicloader.ts(114,45): error TS7053: Element implicitly has an 'any' type because expression of type 'string' can't be used to index type 'CacheVersion'.
  No index signature with a parameter of type 'string' was found on type 'CacheVersion'.
src/services/rsmv/cache/classicloader.ts(114,68): error TS7053: Element implicitly has an 'any' type because expression of type 'string' can't be used to index type 'CacheVersion'.
  No index signature with a parameter of type 'string' was found on type 'CacheVersion'.
src/services/rsmv/cache/classicloader.ts(160,23): error TS7053: Element implicitly has an 'any' type because expression of type '"media" | "filter" | "config" | "models" | "textures" | "entity" | "maps" | "land" | "jagex" | "sounds"' can't be used to index type 'CacheVersion'.
  Property 'jagex' does not exist on type 'CacheVersion'.
src/services/rsmv/cache/compression.ts(115,17): error TS2304: Cannot find name '__non_webpack_require__'.
src/services/rsmv/cache/downloader.ts(4,19): error TS2307: Cannot find module 'node-fetch' or its corresponding type declarations.
src/services/rsmv/cache/downloader.ts(72,96): error TS7006: Parameter 'r' implicitly has an 'any' type.
src/services/rsmv/cache/downloader.ts(82,4): error TS7053: Element implicitly has an 'any' type because expression of type 'string' can't be used to index type 'string | {}'.
  No index signature with a parameter of type 'string' was found on type 'string | {}'.
src/services/rsmv/cache/fscache.ts(2,31): error TS2307: Cannot find module 'sqlite3' or its corresponding type declarations.
src/services/rsmv/cache/fscache.ts(16,20): error TS2304: Cannot find name '__non_webpack_require__'.
src/services/rsmv/cache/fscache.ts(18,13): error TS2304: Cannot find name '__non_webpack_require__'.
src/services/rsmv/cache/index.ts(7,12): error TS7017: Element implicitly has an 'any' type because type 'typeof globalThis' has no index signature.
src/services/rsmv/cache/index.ts(183,8): error TS7006: Parameter 'q' implicitly has an 'any' type.
src/services/rsmv/cache/index.ts(242,14): error TS7053: Element implicitly has an 'any' type because expression of type 'number' can't be used to index type '{ 19: 10; 18: 9; 16: 6; 21: 13; }'.
  No index signature with a parameter of type 'number' was found on type '{ 19: 10; 18: 9; 16: 6; 21: 13; }'.
src/services/rsmv/cache/index.ts(247,17): error TS7053: Element implicitly has an 'any' type because expression of type 'number' can't be used to index type '{ 19: number; 18: number; 22: number; 17: number; 16: number; 20: number; 21: number; 57: number; 26: number; }'.
  No index signature with a parameter of type 'number' was found on type '{ 19: number; 18: number; 22: number; 17: number; 16: number; 20: number; 21: number; 57: number; 26: number; }'.
src/services/rsmv/cache/index.ts(252,17): error TS7053: Element implicitly has an 'any' type because expression of type 'number' can't be used to index type '{ 19: number; 18: number; 22: number; 17: number; 16: number; 20: number; 21: number; 57: number; 26: number; }'.
  No index signature with a parameter of type 'number' was found on type '{ 19: number; 18: number; 22: number; 17: number; 16: number; 20: number; 21: number; 57: number; 26: number; }'.
src/services/rsmv/cache/legacycache.ts(134,70): error TS7006: Parameter 'usetga' implicitly has an 'any' type.
src/services/rsmv/cache/memorycache.ts(29,35): error TS7017: Element implicitly has an 'any' type because type 'typeof globalThis' has no index signature.
src/services/rsmv/cache/openrs2loader.ts(4,19): error TS2307: Cannot find module 'node-fetch' or its corresponding type declarations.
src/services/rsmv/cache/openrs2loader.ts(43,54): error TS7006: Parameter 'q' implicitly has an 'any' type.
src/services/rsmv/cache/openrs2loader.ts(89,23): error TS18047: 'allcaches' is possibly 'null'.
src/services/rsmv/cache/openrs2loader.ts(113,14): error TS18047: 'caches' is possibly 'null'.
src/services/rsmv/cache/openrs2loader.ts(145,109): error TS7006: Parameter 'q' implicitly has an 'any' type.
src/services/rsmv/cache/sqlite.ts(8,31): error TS2307: Cannot find module 'sqlite3' or its corresponding type declarations.
src/services/rsmv/cache/sqlite.ts(48,12): error TS7015: Element implicitly has an 'any' type because index expression is not of type 'number'.
src/services/rsmv/cache/sqlite.ts(66,16): error TS2304: Cannot find name '__non_webpack_require__'.
src/services/rsmv/cache/sqlite.ts(66,68): error TS2307: Cannot find module 'sqlite3' or its corresponding type declarations.
src/services/rsmv/cache/sqlite.ts(93,29): error TS7006: Parameter 'err' implicitly has an 'any' type.
src/services/rsmv/cache/sqlite.ts(93,34): error TS7006: Parameter 'row' implicitly has an 'any' type.
src/services/rsmv/cache/sqlite.ts(102,29): error TS7006: Parameter 'err' implicitly has an 'any' type.
src/services/rsmv/cache/sqlite.ts(102,34): error TS7006: Parameter 'res' implicitly has an 'any' type.
src/services/rsmv/cache/sqlitewasm.ts(53,12): error TS7015: Element implicitly has an 'any' type because index expression is not of type 'number'.
src/services/rsmv/cache/sqlitewasm.ts(82,17): error TS2339: Property 'queryPermission' does not exist on type 'FileSystemDirectoryHandle'.
src/services/rsmv/cache/sqlitewasm.ts(87,30): error TS2339: Property 'values' does not exist on type 'FileSystemDirectoryHandle'.
src/services/rsmv/cli.ts(1,24): error TS2307: Cannot find module 'cmd-ts' or its corresponding type declarations.
src/services/rsmv/clicommands.ts(2,39): error TS2307: Cannot find module 'cmd-ts' or its corresponding type declarations.
src/services/rsmv/clicommands.ts(7,24): error TS2307: Cannot find module 'cmd-ts' or its corresponding type declarations.
src/services/rsmv/clicommands.ts(30,14): error TS7006: Parameter 'str' implicitly has an 'any' type.
src/services/rsmv/clicommands.ts(38,14): error TS7006: Parameter 'str' implicitly has an 'any' type.
src/services/rsmv/clicommands.ts(79,19): error TS7006: Parameter 'args' implicitly has an 'any' type.
src/services/rsmv/clicommands.ts(82,25): error TS7006: Parameter 'q' implicitly has an 'any' type.
src/services/rsmv/clicommands.ts(85,38): error TS7006: Parameter 'q' implicitly has an 'any' type.
src/services/rsmv/clicommands.ts(89,15): error TS7053: Element implicitly has an 'any' type because expression of type 'any' can't be used to index type '{ framemaps: JsonBasedFile; items: JsonBasedFile; enums: JsonBasedFile; npcs: JsonBasedFile; soundjson: JsonBasedFile; ... 42 more ...; clientscriptops: JsonBasedFile; }'.
src/services/rsmv/clicommands.ts(104,19): error TS7006: Parameter 'args' implicitly has an 'any' type.
src/services/rsmv/clicommands.ts(119,17): error TS7006: Parameter 'args' implicitly has an 'any' type.
src/services/rsmv/clicommands.ts(143,17): error TS7006: Parameter 'args' implicitly has an 'any' type.
src/services/rsmv/clicommands.ts(164,17): error TS7006: Parameter 'args' implicitly has an 'any' type.
src/services/rsmv/clicommands.ts(168,36): error TS7006: Parameter 'q' implicitly has an 'any' type.
src/services/rsmv/clicommands.ts(169,34): error TS7006: Parameter 'q' implicitly has an 'any' type.
src/services/rsmv/clicommands.ts(185,17): error TS7006: Parameter 'args' implicitly has an 'any' type.
src/services/rsmv/clicommands.ts(189,63): error TS7006: Parameter 'q' implicitly has an 'any' type.
src/services/rsmv/clicommands.ts(189,85): error TS7006: Parameter 'q' implicitly has an 'any' type.
src/services/rsmv/clicommands.ts(203,19): error TS7006: Parameter 'args' implicitly has an 'any' type.
src/services/rsmv/clicommands.ts(218,19): error TS7006: Parameter 'args' implicitly has an 'any' type.
src/services/rsmv/clicommands.ts(236,19): error TS7006: Parameter 'args' implicitly has an 'any' type.
src/services/rsmv/clicommands.ts(252,19): error TS7006: Parameter 'args' implicitly has an 'any' type.
src/services/rsmv/clicommands.ts(266,17): error TS7006: Parameter 'args' implicitly has an 'any' type.
src/services/rsmv/clicommands.ts(278,17): error TS7006: Parameter 'args' implicitly has an 'any' type.
src/services/rsmv/clicommands.ts(290,17): error TS7006: Parameter 'args' implicitly has an 'any' type.
src/services/rsmv/clicommands.ts(304,17): error TS7006: Parameter 'args' implicitly has an 'any' type.
src/services/rsmv/clientscript/ast.ts(1,30): error TS2307: Cannot find module '../../generated/clientscript' or its corresponding type declarations.
src/services/rsmv/clientscript/ast.ts(2,34): error TS2307: Cannot find module '../../generated/clientscriptdata' or its corresponding type declarations.
src/services/rsmv/clientscript/ast.ts(1010,56): error TS7006: Parameter 'q' implicitly has an 'any' type.
src/services/rsmv/clientscript/ast.ts(1010,112): error TS7006: Parameter 'q' implicitly has an 'any' type.
src/services/rsmv/clientscript/ast.ts(1014,95): error TS7006: Parameter 'q' implicitly has an 'any' type.
src/services/rsmv/clientscript/ast.ts(1372,12): error TS7017: Element implicitly has an 'any' type because type 'typeof globalThis' has no index signature.
src/services/rsmv/clientscript/callibrator.ts(6,34): error TS2307: Cannot find module '../../generated/clientscriptdata' or its corresponding type declarations.
src/services/rsmv/clientscript/callibrator.ts(7,30): error TS2307: Cannot find module '../../generated/clientscript' or its corresponding type declarations.
src/services/rsmv/clientscript/callibrator.ts(11,24): error TS2307: Cannot find module '../../generated/params' or its corresponding type declarations.
src/services/rsmv/clientscript/callibrator.ts(13,26): error TS2307: Cannot find module '../../generated/dbtables' or its corresponding type declarations.
src/services/rsmv/clientscript/callibrator.ts(17,28): error TS2307: Cannot find module 'idb-keyval' or its corresponding type declarations.
src/services/rsmv/clientscript/callibrator.ts(382,20): error TS7017: Element implicitly has an 'any' type because type 'typeof globalThis' has no index signature.
src/services/rsmv/clientscript/callibrator.ts(772,25): error TS2322: Type 'ImmediateType | undefined' is not assignable to type '"unknown" | ImmediateType'.
  Type 'undefined' is not assignable to type '"unknown" | ImmediateType'.
src/services/rsmv/clientscript/callibrator.ts(905,16): error TS7017: Element implicitly has an 'any' type because type 'typeof globalThis' has no index signature.
src/services/rsmv/clientscript/callibrator.ts(1099,12): error TS7017: Element implicitly has an 'any' type because type 'typeof globalThis' has no index signature.
src/services/rsmv/clientscript/callibrator.ts(1111,53): error TS7017: Element implicitly has an 'any' type because type 'typeof globalThis' has no index signature.
src/services/rsmv/clientscript/codeparser.ts(6,24): error TS2307: Cannot find module 'json-stringify-pretty-compact' or its corresponding type declarations.
src/services/rsmv/clientscript/codeparser.ts(15,21): error TS7057: 'yield' expression implicitly results in an 'any' type because its containing generator lacks a return-type annotation.
src/services/rsmv/clientscript/codeparser.ts(26,12): error TS7017: Element implicitly has an 'any' type because type 'typeof globalThis' has no index signature.
src/services/rsmv/clientscript/codeparser.ts(111,34): error TS7053: Element implicitly has an 'any' type because expression of type 'string' can't be used to index type '{ player: { key: number; index: 60; }; npc: { key: number; index: 61; }; client: { key: number; index: 62; }; world: { key: number; index: 63; }; region: { key: number; index: 64; }; object: { key: number; index: 65; }; clan: { ...; }; clansettings: { ...; }; playergroup: { ...; }; }'.
  No index signature with a parameter of type 'string' was found on type '{ player: { key: number; index: 60; }; npc: { key: number; index: 61; }; client: { key: number; index: 62; }; world: { key: number; index: 63; }; region: { key: number; index: 64; }; object: { key: number; index: 65; }; clan: { ...; }; clansettings: { ...; }; playergroup: { ...; }; }'.
src/services/rsmv/clientscript/codeparser.ts(192,24): error TS7057: 'yield' expression implicitly results in an 'any' type because its containing generator lacks a return-type annotation.
src/services/rsmv/clientscript/codeparser.ts(196,17): error TS7057: 'yield' expression implicitly results in an 'any' type because its containing generator lacks a return-type annotation.
src/services/rsmv/clientscript/codeparser.ts(202,19): error TS7057: 'yield' expression implicitly results in an 'any' type because its containing generator lacks a return-type annotation.
src/services/rsmv/clientscript/codeparser.ts(209,21): error TS7057: 'yield' expression implicitly results in an 'any' type because its containing generator lacks a return-type annotation.
src/services/rsmv/clientscript/codeparser.ts(214,18): error TS7057: 'yield' expression implicitly results in an 'any' type because its containing generator lacks a return-type annotation.
src/services/rsmv/clientscript/codeparser.ts(216,28): error TS7057: 'yield' expression implicitly results in an 'any' type because its containing generator lacks a return-type annotation.
src/services/rsmv/clientscript/codeparser.ts(229,24): error TS7057: 'yield' expression implicitly results in an 'any' type because its containing generator lacks a return-type annotation.
src/services/rsmv/clientscript/codeparser.ts(231,29): error TS7057: 'yield' expression implicitly results in an 'any' type because its containing generator lacks a return-type annotation.
src/services/rsmv/clientscript/codeparser.ts(235,78): error TS7057: 'yield' expression implicitly results in an 'any' type because its containing generator lacks a return-type annotation.
src/services/rsmv/clientscript/codeparser.ts(273,13): error TS7057: 'yield' expression implicitly results in an 'any' type because its containing generator lacks a return-type annotation.
src/services/rsmv/clientscript/codeparser.ts(275,20): error TS7057: 'yield' expression implicitly results in an 'any' type because its containing generator lacks a return-type annotation.
src/services/rsmv/clientscript/codeparser.ts(283,18): error TS7057: 'yield' expression implicitly results in an 'any' type because its containing generator lacks a return-type annotation.
src/services/rsmv/clientscript/codeparser.ts(284,24): error TS7057: 'yield' expression implicitly results in an 'any' type because its containing generator lacks a return-type annotation.
src/services/rsmv/clientscript/codeparser.ts(286,28): error TS7057: 'yield' expression implicitly results in an 'any' type because its containing generator lacks a return-type annotation.
src/services/rsmv/clientscript/codeparser.ts(290,78): error TS7057: 'yield' expression implicitly results in an 'any' type because its containing generator lacks a return-type annotation.
src/services/rsmv/clientscript/codeparser.ts(297,20): error TS7057: 'yield' expression implicitly results in an 'any' type because its containing generator lacks a return-type annotation.
src/services/rsmv/clientscript/codeparser.ts(301,15): error TS7010: 'intliteral', which lacks return-type annotation, implicitly has an '[any]' return type.
src/services/rsmv/clientscript/codeparser.ts(304,20): error TS7057: 'yield' expression implicitly results in an 'any' type because its containing generator lacks a return-type annotation.
src/services/rsmv/clientscript/codeparser.ts(308,15): error TS7010: 'longliteral', which lacks return-type annotation, implicitly has an '[any, any]' return type.
src/services/rsmv/clientscript/codeparser.ts(312,20): error TS7057: 'yield' expression implicitly results in an 'any' type because its containing generator lacks a return-type annotation.
src/services/rsmv/clientscript/codeparser.ts(325,23): error TS7057: 'yield' expression implicitly results in an 'any' type because its containing generator lacks a return-type annotation.
src/services/rsmv/clientscript/codeparser.ts(327,19): error TS7057: 'yield' expression implicitly results in an 'any' type because its containing generator lacks a return-type annotation.
src/services/rsmv/clientscript/codeparser.ts(337,13): error TS7057: 'yield' expression implicitly results in an 'any' type because its containing generator lacks a return-type annotation.
src/services/rsmv/clientscript/codeparser.ts(346,13): error TS7057: 'yield' expression implicitly results in an 'any' type because its containing generator lacks a return-type annotation.
src/services/rsmv/clientscript/codeparser.ts(454,29): error TS7057: 'yield' expression implicitly results in an 'any' type because its containing generator lacks a return-type annotation.
src/services/rsmv/clientscript/codeparser.ts(457,21): error TS7057: 'yield' expression implicitly results in an 'any' type because its containing generator lacks a return-type annotation.
src/services/rsmv/clientscript/codeparser.ts(460,22): error TS7057: 'yield' expression implicitly results in an 'any' type because its containing generator lacks a return-type annotation.
src/services/rsmv/clientscript/codeparser.ts(474,28): error TS7057: 'yield' expression implicitly results in an 'any' type because its containing generator lacks a return-type annotation.
src/services/rsmv/clientscript/codeparser.ts(549,20): error TS7057: 'yield' expression implicitly results in an 'any' type because its containing generator lacks a return-type annotation.
src/services/rsmv/clientscript/codeparser.ts(564,27): error TS7057: 'yield' expression implicitly results in an 'any' type because its containing generator lacks a return-type annotation.
src/services/rsmv/clientscript/codeparser.ts(572,18): error TS7057: 'yield' expression implicitly results in an 'any' type because its containing generator lacks a return-type annotation.
src/services/rsmv/clientscript/codeparser.ts(575,29): error TS7057: 'yield' expression implicitly results in an 'any' type because its containing generator lacks a return-type annotation.
src/services/rsmv/clientscript/codeparser.ts(599,20): error TS7057: 'yield' expression implicitly results in an 'any' type because its containing generator lacks a return-type annotation.
src/services/rsmv/clientscript/codeparser.ts(609,25): error TS7057: 'yield' expression implicitly results in an 'any' type because its containing generator lacks a return-type annotation.
src/services/rsmv/clientscript/codeparser.ts(613,26): error TS7057: 'yield' expression implicitly results in an 'any' type because its containing generator lacks a return-type annotation.
src/services/rsmv/clientscript/codeparser.ts(616,13): error TS7057: 'yield' expression implicitly results in an 'any' type because its containing generator lacks a return-type annotation.
src/services/rsmv/clientscript/codeparser.ts(618,27): error TS7057: 'yield' expression implicitly results in an 'any' type because its containing generator lacks a return-type annotation.
src/services/rsmv/clientscript/codeparser.ts(629,21): error TS7057: 'yield' expression implicitly results in an 'any' type because its containing generator lacks a return-type annotation.
src/services/rsmv/clientscript/codeparser.ts(631,20): error TS7057: 'yield' expression implicitly results in an 'any' type because its containing generator lacks a return-type annotation.
src/services/rsmv/clientscript/codeparser.ts(670,19): error TS7057: 'yield' expression implicitly results in an 'any' type because its containing generator lacks a return-type annotation.
src/services/rsmv/clientscript/codeparser.ts(681,25): error TS7057: 'yield' expression implicitly results in an 'any' type because its containing generator lacks a return-type annotation.
src/services/rsmv/clientscript/codeparser.ts(685,20): error TS7057: 'yield' expression implicitly results in an 'any' type because its containing generator lacks a return-type annotation.
src/services/rsmv/clientscript/codeparser.ts(690,20): error TS7057: 'yield' expression implicitly results in an 'any' type because its containing generator lacks a return-type annotation.
src/services/rsmv/clientscript/codeparser.ts(693,18): error TS7057: 'yield' expression implicitly results in an 'any' type because its containing generator lacks a return-type annotation.
src/services/rsmv/clientscript/codeparser.ts(696,21): error TS7057: 'yield' expression implicitly results in an 'any' type because its containing generator lacks a return-type annotation.
src/services/rsmv/clientscript/codeparser.ts(710,21): error TS7057: 'yield' expression implicitly results in an 'any' type because its containing generator lacks a return-type annotation.
src/services/rsmv/clientscript/codeparser.ts(715,26): error TS7057: 'yield' expression implicitly results in an 'any' type because its containing generator lacks a return-type annotation.
src/services/rsmv/clientscript/codeparser.ts(725,16): error TS7057: 'yield' expression implicitly results in an 'any' type because its containing generator lacks a return-type annotation.
src/services/rsmv/clientscript/codeparser.ts(729,16): error TS7057: 'yield' expression implicitly results in an 'any' type because its containing generator lacks a return-type annotation.
src/services/rsmv/clientscript/codeparser.ts(736,24): error TS7057: 'yield' expression implicitly results in an 'any' type because its containing generator lacks a return-type annotation.
src/services/rsmv/clientscript/codeparser.ts(759,26): error TS7057: 'yield' expression implicitly results in an 'any' type because its containing generator lacks a return-type annotation.
src/services/rsmv/clientscript/codeparser.ts(760,22): error TS7057: 'yield' expression implicitly results in an 'any' type because its containing generator lacks a return-type annotation.
src/services/rsmv/clientscript/codeparser.ts(819,12): error TS7017: Element implicitly has an 'any' type because type 'typeof globalThis' has no index signature.
src/services/rsmv/clientscript/codeparser.ts(821,35): error TS7017: Element implicitly has an 'any' type because type 'typeof globalThis' has no index signature.
src/services/rsmv/clientscript/codeparser.ts(824,48): error TS7006: Parameter 'm' implicitly has an 'any' type.
src/services/rsmv/clientscript/codeparser.ts(825,35): error TS7017: Element implicitly has an 'any' type because type 'typeof globalThis' has no index signature.
src/services/rsmv/clientscript/codeparser.ts(837,33): error TS7017: Element implicitly has an 'any' type because type 'typeof globalThis' has no index signature.
src/services/rsmv/clientscript/codeparser.ts(847,41): error TS7006: Parameter 'q' implicitly has an 'any' type.
src/services/rsmv/clientscript/codeparser.ts(848,34): error TS7017: Element implicitly has an 'any' type because type 'typeof globalThis' has no index signature.
src/services/rsmv/clientscript/codeparser.ts(864,20): error TS7017: Element implicitly has an 'any' type because type 'typeof globalThis' has no index signature.
src/services/rsmv/clientscript/codewriter.ts(1,29): error TS2307: Cannot find module 'autobind-decorator' or its corresponding type declarations.
src/services/rsmv/clientscript/codewriter.ts(24,49): error TS7017: Element implicitly has an 'any' type because type 'typeof globalThis' has no index signature.
src/services/rsmv/clientscript/codewriter.ts(30,12): error TS7017: Element implicitly has an 'any' type because type 'typeof globalThis' has no index signature.
src/services/rsmv/clientscript/definitions.ts(323,12): error TS7017: Element implicitly has an 'any' type because type 'typeof globalThis' has no index signature.
src/services/rsmv/clientscript/definitions.ts(368,12): error TS7053: Element implicitly has an 'any' type because expression of type 'string' can't be used to index type '{ int: number; boolean: number; type_2: number; quest: number; questhelp: number; cursor: number; seq: number; colour: number; loc_shape: number; component: number; idkit: number; midi: number; npc_mode: number; ... 133 more ...; scriptsubref: number; }'.
  No index signature with a parameter of type 'string' was found on type '{ int: number; boolean: number; type_2: number; quest: number; questhelp: number; cursor: number; seq: number; colour: number; loc_shape: number; component: number; idkit: number; midi: number; npc_mode: number; ... 133 more ...; scriptsubref: number; }'.
src/services/rsmv/clientscript/definitions.ts(404,12): error TS7017: Element implicitly has an 'any' type because type 'typeof globalThis' has no index signature.
src/services/rsmv/clientscript/extractmodule.ts(60,16): error TS7017: Element implicitly has an 'any' type because type 'typeof globalThis' has no index signature.
src/services/rsmv/clientscript/extractmodule.ts(236,12): error TS7017: Element implicitly has an 'any' type because type 'typeof globalThis' has no index signature.
src/services/rsmv/clientscript/extractmodule.ts(287,12): error TS7017: Element implicitly has an 'any' type because type 'typeof globalThis' has no index signature.
src/services/rsmv/clientscript/extractmodule.ts(298,12): error TS7017: Element implicitly has an 'any' type because type 'typeof globalThis' has no index signature.
src/services/rsmv/clientscript/index.ts(8,30): error TS2307: Cannot find module '../../generated/clientscript' or its corresponding type declarations.
src/services/rsmv/clientscript/index.ts(50,20): error TS7017: Element implicitly has an 'any' type because type 'typeof globalThis' has no index signature.
src/services/rsmv/clientscript/interpreter.ts(1,30): error TS2307: Cannot find module '../../generated/clientscript' or its corresponding type declarations.
src/services/rsmv/clientscript/interpreter.ts(329,48): error TS7006: Parameter 'q' implicitly has an 'any' type.
src/services/rsmv/clientscript/interpreter.ts(329,104): error TS7006: Parameter 'q' implicitly has an 'any' type.
src/services/rsmv/clientscript/interpreter.ts(331,91): error TS7006: Parameter 'q' implicitly has an 'any' type.
src/services/rsmv/clientscript/jsonwriter.ts(1,30): error TS2307: Cannot find module '../../generated/clientscript' or its corresponding type declarations.
src/services/rsmv/clientscript/jsonwriter.ts(582,238): error TS7006: Parameter 'a' implicitly has an 'any' type.
src/services/rsmv/clientscript/jsonwriter.ts(582,241): error TS7006: Parameter 'v' implicitly has an 'any' type.
src/services/rsmv/clientscript/jsonwriter.ts(605,35): error TS7006: Parameter 'q' implicitly has an 'any' type.
src/services/rsmv/clientscript/util.ts(1,23): error TS2307: Cannot find module '../../generated/enums' or its corresponding type declarations.
src/services/rsmv/clientscript/util.ts(2,24): error TS2307: Cannot find module '../../generated/params' or its corresponding type declarations.
src/services/rsmv/clientscript/util.ts(3,25): error TS2307: Cannot find module '../../generated/structs' or its corresponding type declarations.
src/services/rsmv/clientscript/util.ts(31,79): error TS7006: Parameter 'q' implicitly has an 'any' type.
src/services/rsmv/clientscript/util.ts(35,85): error TS7006: Parameter 'q' implicitly has an 'any' type.
src/services/rsmv/clientscript/util.ts(42,37): error TS7006: Parameter 'q' implicitly has an 'any' type.
src/services/rsmv/clientscript/util.ts(52,37): error TS7006: Parameter 'q' implicitly has an 'any' type.
src/services/rsmv/cliparser.ts(1,24): error TS2307: Cannot find module 'cmd-ts' or its corresponding type declarations.
src/services/rsmv/cliparser.ts(2,27): error TS2307: Cannot find module 'cmd-ts/dist/cjs/argparser' or its corresponding type declarations.
src/services/rsmv/cliparser.ts(10,10): error TS2865: Import 'FileRange' conflicts with local value, so must be declared with a type-only import when 'isolatedModules' is enabled.
src/services/rsmv/cliparser.ts(45,14): error TS7053: Element implicitly has an 'any' type because expression of type 'string' can't be used to index type 'typeof globalThis'.
  No index signature with a parameter of type 'string' was found on type 'typeof globalThis'.
src/services/rsmv/cliparser.ts(57,13): error TS7006: Parameter 'str' implicitly has an 'any' type.
src/services/rsmv/cliparser.ts(63,13): error TS7006: Parameter 'str' implicitly has an 'any' type.
src/services/rsmv/cliparser.ts(68,13): error TS7006: Parameter 'str' implicitly has an 'any' type.
src/services/rsmv/headless/api.ts(18,10): error TS1205: Re-exporting a type when 'isolatedModules' is enabled requires using 'export type'.
src/services/rsmv/headless/api.ts(102,22): error TS7006: Parameter 'event' implicitly has an 'any' type.
src/services/rsmv/headless/api.ts(103,25): error TS7006: Parameter 'event' implicitly has an 'any' type.
src/services/rsmv/headless/api.ts(106,9): error TS2304: Cannot find name '__non_webpack_require__'.
src/services/rsmv/headless/api.ts(153,54): error TS2345: Argument of type 'Group<Object3DEventMap>' is not assignable to parameter of type 'Object3D<Object3DEventMap>'.
  Type 'Group<Object3DEventMap>' is missing the following properties from type 'Object3D<Object3DEventMap>': setPointerCapture, releasePointerCapture, hasPointerCapture
src/services/rsmv/headless/cli.ts(3,24): error TS2307: Cannot find module 'cmd-ts' or its corresponding type declarations.
src/services/rsmv/headless/cli.ts(5,48): error TS2307: Cannot find module '3d/modeltothree' or its corresponding type declarations.
src/services/rsmv/headless/cli.ts(17,18): error TS7006: Parameter 'args' implicitly has an 'any' type.
src/services/rsmv/headless/runbrowser.ts(1,63): error TS2307: Cannot find module 'electron' or its corresponding type declarations.
src/services/rsmv/headless/runbrowser.ts(105,25): error TS7006: Parameter 'e' implicitly has an 'any' type.
src/services/rsmv/headless/runbrowser.ts(110,22): error TS7006: Parameter 'e' implicitly has an 'any' type.
src/services/rsmv/headless/runbrowser.ts(110,25): error TS7006: Parameter 'exitcode' implicitly has an 'any' type.
src/services/rsmv/headless/runbrowser.ts(133,33): error TS7006: Parameter 'e' implicitly has an 'any' type.
src/services/rsmv/headless/runbrowser.ts(133,36): error TS7006: Parameter 'target' implicitly has an 'any' type.
src/services/rsmv/headless/runbrowser.ts(133,44): error TS7006: Parameter 'data' implicitly has an 'any' type.
src/services/rsmv/imgutils.ts(157,4): error TS7053: Element implicitly has an 'any' type because expression of type 'number' can't be used to index type 'ImageData'.
  No index signature with a parameter of type 'number' was found on type 'ImageData'.
src/services/rsmv/imgutils.ts(158,4): error TS7053: Element implicitly has an 'any' type because expression of type 'number' can't be used to index type 'ImageData'.
  No index signature with a parameter of type 'number' was found on type 'ImageData'.
src/services/rsmv/imgutils.ts(159,4): error TS7053: Element implicitly has an 'any' type because expression of type 'number' can't be used to index type 'ImageData'.
  No index signature with a parameter of type 'number' was found on type 'ImageData'.
src/services/rsmv/imgutils.ts(259,12): error TS7017: Element implicitly has an 'any' type because type 'typeof globalThis' has no index signature.
src/services/rsmv/imgutils.ts(273,15): error TS18046: 'img.source.data' is of type 'unknown'.
src/services/rsmv/imgutils.ts(274,16): error TS18046: 'img.source.data' is of type 'unknown'.
src/services/rsmv/imgutils.ts(275,17): error TS2345: Argument of type 'unknown' is not assignable to parameter of type 'CanvasImageSource'.
src/services/rsmv/libs/sqlite3wrap.ts(1,31): error TS2307: Cannot find module 'sqlite3' or its corresponding type declarations.
src/services/rsmv/libs/sqlite3wrap.ts(6,18): error TS2304: Cannot find name '__non_webpack_require__'.
src/services/rsmv/libs/sqlite3wrap.ts(6,70): error TS2307: Cannot find module 'sqlite3' or its corresponding type declarations.
src/services/rsmv/libs/sqlite3wrap.ts(9,55): error TS7006: Parameter 'e' implicitly has an 'any' type.
src/services/rsmv/libs/sqlite3wrap.ts(15,38): error TS7006: Parameter 'e' implicitly has an 'any' type.
src/services/rsmv/libs/sqlite3wrap.ts(21,24): error TS7006: Parameter 'e' implicitly has an 'any' type.
src/services/rsmv/libs/sqlite3wrap.ts(27,30): error TS7006: Parameter 'e' implicitly has an 'any' type.
src/services/rsmv/libs/sqlite3wrap.ts(27,33): error TS7006: Parameter 'rows' implicitly has an 'any' type.
src/services/rsmv/libs/sqljsfork/dist/sql-wasm-workerfs.js(73,9): error TS1258: A default export must be at the top level of a file or module declaration.
src/services/rsmv/main.ts(1,53): error TS2307: Cannot find module 'electron/main' or its corresponding type declarations.
src/services/rsmv/main.ts(25,38): error TS7006: Parameter 'e' implicitly has an 'any' type.
src/services/rsmv/map/chunksummary.ts(2,25): error TS2307: Cannot find module '../../generated/objects' or its corresponding type declarations.
src/services/rsmv/map/chunksummary.ts(407,14): error TS2345: Argument of type 'import("C:/Users/Destiny/Desktop/projects/OKComputer_rebuild my app for me/antigravity-engine/node_modules/@types/three/build/three.module").Object3D<import("C:/Users/Destiny/Desktop/projects/OKComputer_rebuild my app for me/antigravity-engine/node_modules/@types/three/src/core/Object3D").Object3DEventMap>' is not assignable to parameter of type 'import("C:/Users/Destiny/Desktop/projects/OKComputer_rebuild my app for me/antigravity-engine/node_modules/@types/three/src/core/Object3D").Object3D<import("C:/Users/Destiny/Desktop/projects/OKComputer_rebuild my app for me/antigravity-engine/node_modules/@types/three/src/core/Object3D").Object3DEventMap>'.
  The types returned by 'applyQuaternion(...)' are incompatible between these types.
    Type 'Object3D<Object3DEventMap>' is not assignable to type 'this'.
      'this' could be instantiated with an arbitrary type which could be unrelated to 'Object3D<Object3DEventMap>'.
src/services/rsmv/map/chunksummary.ts(553,26): error TS7017: Element implicitly has an 'any' type because type 'typeof globalThis' has no index signature.
src/services/rsmv/map/chunksummary.ts(598,51): error TS7017: Element implicitly has an 'any' type because type 'typeof globalThis' has no index signature.
src/services/rsmv/map/chunksummary.ts(650,23): error TS7017: Element implicitly has an 'any' type because type 'typeof globalThis' has no index signature.
src/services/rsmv/map/chunksummary.ts(653,14): error TS7017: Element implicitly has an 'any' type because type 'typeof globalThis' has no index signature.
src/services/rsmv/map/chunksummary.ts(658,30): error TS7017: Element implicitly has an 'any' type because type 'typeof globalThis' has no index signature.
src/services/rsmv/map/chunksummary.ts(693,12): error TS7017: Element implicitly has an 'any' type because type 'typeof globalThis' has no index signature.
src/services/rsmv/map/chunksummary.ts(722,27): error TS7017: Element implicitly has an 'any' type because type 'typeof globalThis' has no index signature.
src/services/rsmv/map/index.ts(14,24): error TS2307: Cannot find module 'json-stringify-pretty-compact' or its corresponding type declarations.
src/services/rsmv/map/index.ts(155,10): error TS7006: Parameter 'q' implicitly has an 'any' type.
src/services/rsmv/map/index.ts(157,14): error TS7006: Parameter 'q' implicitly has an 'any' type.
src/services/rsmv/map/index.ts(158,10): error TS7006: Parameter 'q' implicitly has an 'any' type.
src/services/rsmv/map/index.ts(166,4): error TS18048: 'mask' is possibly 'undefined'.
src/services/rsmv/map/index.ts(167,4): error TS18048: 'mask' is possibly 'undefined'.
src/services/rsmv/map/index.ts(170,4): error TS18048: 'mask' is possibly 'undefined'.
src/services/rsmv/map/index.ts(171,4): error TS18048: 'mask' is possibly 'undefined'.
src/services/rsmv/map/index.ts(172,4): error TS18048: 'mask' is possibly 'undefined'.
src/services/rsmv/map/index.ts(173,4): error TS18048: 'mask' is possibly 'undefined'.
src/services/rsmv/map/index.ts(174,4): error TS18048: 'mask' is possibly 'undefined'.
src/services/rsmv/map/index.ts(175,4): error TS18048: 'mask' is possibly 'undefined'.
src/services/rsmv/map/index.ts(176,4): error TS18048: 'mask' is possibly 'undefined'.
src/services/rsmv/map/index.ts(177,4): error TS18048: 'mask' is possibly 'undefined'.
src/services/rsmv/map/index.ts(178,4): error TS18048: 'mask' is possibly 'undefined'.
src/services/rsmv/map/index.ts(179,4): error TS18048: 'mask' is possibly 'undefined'.
src/services/rsmv/map/index.ts(180,4): error TS18048: 'mask' is possibly 'undefined'.
src/services/rsmv/map/index.ts(182,12): error TS18048: 'mask' is possibly 'undefined'.
src/services/rsmv/map/index.ts(482,20): error TS18046: 'e' is of type 'unknown'.
src/services/rsmv/map/index.ts(483,17): error TS18046: 'e' is of type 'unknown'.
src/services/rsmv/map/index.ts(730,26): error TS2345: Argument of type 'import("C:/Users/Destiny/Desktop/projects/OKComputer_rebuild my app for me/antigravity-engine/node_modules/@types/three/build/three.module").Object3D<import("C:/Users/Destiny/Desktop/projects/OKComputer_rebuild my app for me/antigravity-engine/node_modules/@types/three/src/core/Object3D").Object3DEventMap>' is not assignable to parameter of type 'import("C:/Users/Destiny/Desktop/projects/OKComputer_rebuild my app for me/antigravity-engine/node_modules/@types/three/src/core/Object3D").Object3D<import("C:/Users/Destiny/Desktop/projects/OKComputer_rebuild my app for me/antigravity-engine/node_modules/@types/three/src/core/Object3D").Object3DEventMap>'.
  The types returned by 'applyQuaternion(...)' are incompatible between these types.
    Type 'Object3D<Object3DEventMap>' is not assignable to type 'this'.
      'this' could be instantiated with an arbitrary type which could be unrelated to 'Object3D<Object3DEventMap>'.
src/services/rsmv/map/mapcli.ts(3,24): error TS2307: Cannot find module 'cmd-ts' or its corresponding type declarations.
src/services/rsmv/map/mapcli.ts(30,18): error TS7006: Parameter 'args' implicitly has an 'any' type.
src/services/rsmv/map/mapcli.ts(60,71): error TS7006: Parameter 'q' implicitly has an 'any' type.
src/services/rsmv/map/mapcli.ts(115,17): error TS7017: Element implicitly has an 'any' type because type 'typeof globalThis' has no index signature.
src/services/rsmv/map/mapcli.ts(116,14): error TS7017: Element implicitly has an 'any' type because type 'typeof globalThis' has no index signature.
src/services/rsmv/opcode_reader.ts(99,9): error TS7053: Element implicitly has an 'any' type because expression of type 'any' can't be used to index type '{ ref: (args: unknown[], parent: ChunkParentCallback, typedef: TypeDef) => ChunkParser; accum: (args: unknown[], parent: ChunkParentCallback, typedef: TypeDef) => ChunkParser; ... 7 more ...; tuple: (args: unknown[], parent: ChunkParentCallback, typedef: TypeDef) => ChunkParser; }'.
src/services/rsmv/opcode_reader.ts(100,13): error TS7053: Element implicitly has an 'any' type because expression of type 'any' can't be used to index type '{ ref: (args: unknown[], parent: ChunkParentCallback, typedef: TypeDef) => ChunkParser; accum: (args: unknown[], parent: ChunkParentCallback, typedef: TypeDef) => ChunkParser; ... 7 more ...; tuple: (args: unknown[], parent: ChunkParentCallback, typedef: TypeDef) => ChunkParser; }'.
src/services/rsmv/opcode_reader.ts(147,29): error TS7053: Element implicitly has an 'any' type because expression of type 'string' can't be used to index type '{}'.
  No index signature with a parameter of type 'string' was found on type '{}'.
src/services/rsmv/opcode_reader.ts(182,15): error TS7053: Element implicitly has an 'any' type because expression of type 'string' can't be used to index type '{}'.
  No index signature with a parameter of type 'string' was found on type '{}'.
src/services/rsmv/opcode_reader.ts(195,38): error TS7053: Element implicitly has an 'any' type because expression of type '"$opcode"' can't be used to index type '{}'.
  Property '$opcode' does not exist on type '{}'.
src/services/rsmv/opcode_reader.ts(199,12): error TS7053: Element implicitly has an 'any' type because expression of type 'string' can't be used to index type '{}'.
  No index signature with a parameter of type 'string' was found on type '{}'.
src/services/rsmv/opcode_reader.ts(279,11): error TS7053: Element implicitly has an 'any' type because expression of type 'string' can't be used to index type '{}'.
  No index signature with a parameter of type 'string' was found on type '{}'.
src/services/rsmv/opcode_reader.ts(284,4): error TS7053: Element implicitly has an 'any' type because expression of type 'string' can't be used to index type '{}'.
  No index signature with a parameter of type 'string' was found on type '{}'.
src/services/rsmv/opcode_reader.ts(300,13): error TS7053: Element implicitly has an 'any' type because expression of type 'string' can't be used to index type '{}'.
  No index signature with a parameter of type 'string' was found on type '{}'.
src/services/rsmv/opcode_reader.ts(303,7): error TS7053: Element implicitly has an 'any' type because expression of type 'string' can't be used to index type '{}'.
  No index signature with a parameter of type 'string' was found on type '{}'.
src/services/rsmv/opcode_reader.ts(305,7): error TS7053: Element implicitly has an 'any' type because expression of type 'string' can't be used to index type '{}'.
  No index signature with a parameter of type 'string' was found on type '{}'.
src/services/rsmv/opcode_reader.ts(319,21): error TS7053: Element implicitly has an 'any' type because expression of type 'string' can't be used to index type '{}'.
  No index signature with a parameter of type 'string' was found on type '{}'.
src/services/rsmv/opcode_reader.ts(320,16): error TS7053: Element implicitly has an 'any' type because expression of type 'string' can't be used to index type '{}'.
  No index signature with a parameter of type 'string' was found on type '{}'.
src/services/rsmv/opcode_reader.ts(333,6): error TS7053: Element implicitly has an 'any' type because expression of type 'string' can't be used to index type '{}'.
  No index signature with a parameter of type 'string' was found on type '{}'.
src/services/rsmv/opcode_reader.ts(345,35): error TS7053: Element implicitly has an 'any' type because expression of type 'string' can't be used to index type '{}'.
  No index signature with a parameter of type 'string' was found on type '{}'.
src/services/rsmv/opcode_reader.ts(367,15): error TS7053: Element implicitly has an 'any' type because expression of type 'string' can't be used to index type '{}'.
  No index signature with a parameter of type 'string' was found on type '{}'.
src/services/rsmv/opcode_reader.ts(384,7): error TS7053: Element implicitly has an 'any' type because expression of type 'string' can't be used to index type '{}'.
  No index signature with a parameter of type 'string' was found on type '{}'.
src/services/rsmv/opcode_reader.ts(385,3): error TS7053: Element implicitly has an 'any' type because expression of type 'string' can't be used to index type '{}'.
  No index signature with a parameter of type 'string' was found on type '{}'.
src/services/rsmv/opcode_reader.ts(500,8): error TS7053: Element implicitly has an 'any' type because expression of type 'string' can't be used to index type '{}'.
  No index signature with a parameter of type 'string' was found on type '{}'.
src/services/rsmv/opcode_reader.ts(502,8): error TS7053: Element implicitly has an 'any' type because expression of type 'string' can't be used to index type '{}'.
  No index signature with a parameter of type 'string' was found on type '{}'.
src/services/rsmv/opcode_reader.ts(538,8): error TS7053: Element implicitly has an 'any' type because expression of type 'string' can't be used to index type '{}'.
  No index signature with a parameter of type 'string' was found on type '{}'.
src/services/rsmv/opcode_reader.ts(586,15): error TS7053: Element implicitly has an 'any' type because expression of type 'string' can't be used to index type '{}'.
  No index signature with a parameter of type 'string' was found on type '{}'.
src/services/rsmv/opcode_reader.ts(690,15): error TS7053: Element implicitly has an 'any' type because expression of type 'string' can't be used to index type '{ buffer: { constr: Uint8ArrayConstructor; }; hex: { constr: Uint8ArrayConstructor; }; byte: { constr: Int8ArrayConstructor; }; ... 5 more ...; float: { ...; }; }'.
  No index signature with a parameter of type 'string' was found on type '{ buffer: { constr: Uint8ArrayConstructor; }; hex: { constr: Uint8ArrayConstructor; }; byte: { constr: Int8ArrayConstructor; }; ... 5 more ...; float: { ...; }; }'.
src/services/rsmv/opcode_reader.ts(730,41): error TS7006: Parameter 'name' implicitly has an 'any' type.
src/services/rsmv/opcode_reader.ts(730,47): error TS7006: Parameter 'child' implicitly has an 'any' type.
src/services/rsmv/opcode_reader.ts(1386,24): error TS2304: Cannot find name 'ClientscriptObfuscation'.
src/services/rsmv/opdecoder.ts(4,38): error TS2307: Cannot find module 'cache' or its corresponding type declarations.
src/services/rsmv/opdecoder.ts(87,7): error TS2740: Type 'Uint8Array<ArrayBuffer>' is missing the following properties from type 'Buffer<ArrayBufferLike>': write, toJSON, equals, compare, and 66 more.
src/services/rsmv/opdecoder.ts(94,12): error TS7017: Element implicitly has an 'any' type because type 'typeof globalThis' has no index signature.
src/services/rsmv/opdecoder.ts(103,42): error TS2307: Cannot find module '../generated/cacheindex' or its corresponding type declarations.
src/services/rsmv/opdecoder.ts(104,35): error TS2307: Cannot find module '../generated/npcs' or its corresponding type declarations.
src/services/rsmv/opdecoder.ts(105,36): error TS2307: Cannot find module '../generated/items' or its corresponding type declarations.
src/services/rsmv/opdecoder.ts(106,38): error TS2307: Cannot find module '../generated/objects' or its corresponding type declarations.
src/services/rsmv/opdecoder.ts(107,43): error TS2307: Cannot find module '../generated/achievements' or its corresponding type declarations.
src/services/rsmv/opdecoder.ts(108,46): error TS2307: Cannot find module '../generated/mapsquare_tiles' or its corresponding type declarations.
src/services/rsmv/opdecoder.ts(109,49): error TS2307: Cannot find module '../generated/mapsquare_tiles_nxt' or its corresponding type declarations.
src/services/rsmv/opdecoder.ts(110,51): error TS2307: Cannot find module '../generated/mapsquare_watertiles' or its corresponding type declarations.
src/services/rsmv/opdecoder.ts(111,50): error TS2307: Cannot find module '../generated/mapsquare_underlays' or its corresponding type declarations.
src/services/rsmv/opdecoder.ts(112,49): error TS2307: Cannot find module '../generated/mapsquare_overlays' or its corresponding type declarations.
src/services/rsmv/opdecoder.ts(113,50): error TS2307: Cannot find module '../generated/mapsquare_locations' or its corresponding type declarations.
src/services/rsmv/opdecoder.ts(114,52): error TS2307: Cannot find module '../generated/mapsquare_envs' or its corresponding type declarations.
src/services/rsmv/opdecoder.ts(115,40): error TS2307: Cannot find module '../generated/mapzones' or its corresponding type declarations.
src/services/rsmv/opdecoder.ts(116,37): error TS2307: Cannot find module '../generated/enums' or its corresponding type declarations.
src/services/rsmv/opdecoder.ts(117,43): error TS2307: Cannot find module '../generated/fontmetrics' or its corresponding type declarations.
src/services/rsmv/opdecoder.ts(118,41): error TS2307: Cannot find module '../generated/mapscenes' or its corresponding type declarations.
src/services/rsmv/opdecoder.ts(119,41): error TS2307: Cannot find module '../generated/sequences' or its corresponding type declarations.
src/services/rsmv/opdecoder.ts(120,41): error TS2307: Cannot find module '../generated/framemaps' or its corresponding type declarations.
src/services/rsmv/opdecoder.ts(121,38): error TS2307: Cannot find module '../generated/frames' or its corresponding type declarations.
src/services/rsmv/opdecoder.ts(122,48): error TS2307: Cannot find module '../generated/animgroupconfigs' or its corresponding type declarations.
src/services/rsmv/opdecoder.ts(123,38): error TS2307: Cannot find module '../generated/models' or its corresponding type declarations.
src/services/rsmv/opdecoder.ts(124,41): error TS2307: Cannot find module '../generated/oldmodels' or its corresponding type declarations.
src/services/rsmv/opdecoder.ts(125,45): error TS2307: Cannot find module '../generated/classicmodels' or its corresponding type declarations.
src/services/rsmv/opdecoder.ts(126,41): error TS2307: Cannot find module '../generated/spotanims' or its corresponding type declarations.
src/services/rsmv/opdecoder.ts(127,46): error TS2307: Cannot find module '../generated/rootcacheindex' or its corresponding type declarations.
src/services/rsmv/opdecoder.ts(128,44): error TS2307: Cannot find module '../generated/skeletalanim' or its corresponding type declarations.
src/services/rsmv/opdecoder.ts(129,41): error TS2307: Cannot find module '../generated/materials' or its corresponding type declarations.
src/services/rsmv/opdecoder.ts(130,44): error TS2307: Cannot find module '../generated/oldmaterials' or its corresponding type declarations.
src/services/rsmv/opdecoder.ts(131,51): error TS2307: Cannot find module '../generated/quickchatcategories' or its corresponding type declarations.
src/services/rsmv/opdecoder.ts(132,46): error TS2307: Cannot find module '../generated/quickchatlines' or its corresponding type declarations.
src/services/rsmv/opdecoder.ts(133,44): error TS2307: Cannot find module '../generated/environments' or its corresponding type declarations.
src/services/rsmv/opdecoder.ts(134,39): error TS2307: Cannot find module '../generated/avatars' or its corresponding type declarations.
src/services/rsmv/opdecoder.ts(135,47): error TS2307: Cannot find module '../generated/avataroverrides' or its corresponding type declarations.
src/services/rsmv/opdecoder.ts(136,43): error TS2307: Cannot find module '../generated/identitykit' or its corresponding type declarations.
src/services/rsmv/opdecoder.ts(137,39): error TS2307: Cannot find module '../generated/structs' or its corresponding type declarations.
src/services/rsmv/opdecoder.ts(138,38): error TS2307: Cannot find module '../generated/params' or its corresponding type declarations.
src/services/rsmv/opdecoder.ts(139,43): error TS2307: Cannot find module '../generated/particles_0' or its corresponding type declarations.
src/services/rsmv/opdecoder.ts(140,43): error TS2307: Cannot find module '../generated/particles_1' or its corresponding type declarations.
src/services/rsmv/opdecoder.ts(141,37): error TS2307: Cannot find module '../generated/audio' or its corresponding type declarations.
src/services/rsmv/opdecoder.ts(142,43): error TS2307: Cannot find module '../generated/proctexture' or its corresponding type declarations.
src/services/rsmv/opdecoder.ts(143,46): error TS2307: Cannot find module '../generated/oldproctexture' or its corresponding type declarations.
src/services/rsmv/opdecoder.ts(144,41): error TS2307: Cannot find module '../generated/maplabels' or its corresponding type declarations.
src/services/rsmv/opdecoder.ts(145,41): error TS2307: Cannot find module '../generated/cutscenes' or its corresponding type declarations.
src/services/rsmv/opdecoder.ts(146,44): error TS2307: Cannot find module '../generated/clientscript' or its corresponding type declarations.
src/services/rsmv/opdecoder.ts(147,48): error TS2307: Cannot find module '../generated/clientscriptdata' or its corresponding type declarations.
src/services/rsmv/opdecoder.ts(148,42): error TS2307: Cannot find module '../generated/interfaces' or its corresponding type declarations.
src/services/rsmv/opdecoder.ts(149,40): error TS2307: Cannot find module '../generated/dbtables' or its corresponding type declarations.
src/services/rsmv/opdecoder.ts(150,38): error TS2307: Cannot find module '../generated/dbrows' or its corresponding type declarations.
src/services/rsmv/scriptrunner.ts(79,30): error TS7006: Parameter 'f' implicitly has an 'any' type.
src/services/rsmv/scriptrunner.ts(103,20): error TS2304: Cannot find name 'path'.
src/services/rsmv/scriptrunner.ts(104,20): error TS2304: Cannot find name 'fs'.
src/services/rsmv/scriptrunner.ts(107,22): error TS2304: Cannot find name 'path'.
src/services/rsmv/scriptrunner.ts(109,19): error TS2304: Cannot find name 'path'.
src/services/rsmv/scriptrunner.ts(110,60): error TS2304: Cannot find name 'path'.
src/services/rsmv/scriptrunner.ts(116,16): error TS2304: Cannot find name 'fs'.
src/services/rsmv/scriptrunner.ts(119,16): error TS2304: Cannot find name 'fs'.
src/services/rsmv/scriptrunner.ts(122,16): error TS2304: Cannot find name 'fs'.
src/services/rsmv/scriptrunner.ts(125,16): error TS2304: Cannot find name 'fs'.
src/services/rsmv/scriptrunner.ts(128,27): error TS2304: Cannot find name 'fs'.
src/services/rsmv/scriptrunner.ts(129,26): error TS7006: Parameter 'q' implicitly has an 'any' type.
src/services/rsmv/scriptrunner.ts(132,16): error TS2304: Cannot find name 'fs'.
src/services/rsmv/scriptrunner.ts(137,20): error TS2304: Cannot find name 'fs'.
src/services/rsmv/scriptrunner.ts(139,20): error TS2304: Cannot find name 'fs'.
src/services/rsmv/scripts/cachediff.ts(4,24): error TS2307: Cannot find module 'json-stringify-pretty-compact' or its corresponding type declarations.
src/services/rsmv/scripts/cluecoords.ts(15,32): error TS7006: Parameter 'q' implicitly has an 'any' type.
src/services/rsmv/scripts/cluecoords.ts(25,59): error TS7006: Parameter 'v' implicitly has an 'any' type.
src/services/rsmv/scripts/extractfiles.ts(50,6): error TS2322: Type 'unknown' is not assignable to type 'Error | null'.
src/services/rsmv/scripts/extractfiles.ts(71,9): error TS7022: 'newarch' implicitly has type 'any' because it does not have a type annotation and is referenced directly or indirectly in its own initializer.
src/services/rsmv/scripts/extractfiles.ts(73,10): error TS7022: 'nextbatchchunknr' implicitly has type 'any' because it does not have a type annotation and is referenced directly or indirectly in its own initializer.
src/services/rsmv/scripts/filetypes.ts(6,24): error TS2307: Cannot find module 'json-stringify-pretty-compact' or its corresponding type declarations.
src/services/rsmv/scripts/filetypes.ts(84,8): error TS7006: Parameter 'b' implicitly has an 'any' type.
src/services/rsmv/scripts/filetypes.ts(386,13): error TS7006: Parameter 'q' implicitly has an 'any' type.
src/services/rsmv/scripts/filetypes.ts(387,12): error TS7006: Parameter 'a' implicitly has an 'any' type.
src/services/rsmv/scripts/filetypes.ts(387,15): error TS7006: Parameter 'b' implicitly has an 'any' type.
src/services/rsmv/scripts/filetypes.ts(388,14): error TS7006: Parameter 'q' implicitly has an 'any' type.
src/services/rsmv/scripts/filetypes.ts(388,17): error TS7006: Parameter 'i' implicitly has an 'any' type.
src/services/rsmv/scripts/filetypes.ts(388,20): error TS7006: Parameter 'arr' implicitly has an 'any' type.
src/services/rsmv/scripts/filetypes.ts(389,23): error TS7006: Parameter 'q' implicitly has an 'any' type.
src/services/rsmv/scripts/gameinterfaces.ts(3,24): error TS2307: Cannot find module 'json-stringify-pretty-compact' or its corresponding type declarations.
src/services/rsmv/scripts/gameinterfaces.ts(5,25): error TS2307: Cannot find module '../../generated/structs' or its corresponding type declarations.
src/services/rsmv/scripts/gameinterfaces.ts(50,70): error TS7006: Parameter 'q' implicitly has an 'any' type.
src/services/rsmv/scripts/gameinterfaces.ts(51,81): error TS7006: Parameter 'q' implicitly has an 'any' type.
src/services/rsmv/scripts/groupskeletons.ts(5,24): error TS2307: Cannot find module 'json-stringify-pretty-compact' or its corresponding type declarations.
src/services/rsmv/scripts/indexoverview.ts(3,33): error TS2307: Cannot find module 'cache' or its corresponding type declarations.
src/services/rsmv/scripts/indexoverview.ts(4,24): error TS2307: Cannot find module 'json-stringify-pretty-compact' or its corresponding type declarations.
src/services/rsmv/scripts/indexoverview.ts(14,34): error TS7006: Parameter 'a' implicitly has an 'any' type.
src/services/rsmv/scripts/indexoverview.ts(14,37): error TS7006: Parameter 'v' implicitly has an 'any' type.
src/services/rsmv/scripts/indexoverview.ts(15,36): error TS7006: Parameter 'a' implicitly has an 'any' type.
src/services/rsmv/scripts/indexoverview.ts(15,39): error TS7006: Parameter 'v' implicitly has an 'any' type.
src/services/rsmv/scripts/indexoverview.ts(16,35): error TS7006: Parameter 'a' implicitly has an 'any' type.
src/services/rsmv/scripts/indexoverview.ts(16,38): error TS7006: Parameter 'v' implicitly has an 'any' type.
src/services/rsmv/scripts/indexoverview.ts(17,35): error TS7006: Parameter 'a' implicitly has an 'any' type.
src/services/rsmv/scripts/indexoverview.ts(17,38): error TS7006: Parameter 'v' implicitly has an 'any' type.
src/services/rsmv/scripts/musictrack.ts(29,45): error TS18046: 'q' is of type 'unknown'.
src/services/rsmv/scripts/musictrack.ts(29,81): error TS18046: 'q' is of type 'unknown'.
src/services/rsmv/scripts/musictrack.ts(30,31): error TS7006: Parameter 'q' implicitly has an 'any' type.
src/services/rsmv/scripts/musictrack.ts(30,48): error TS7006: Parameter 'q' implicitly has an 'any' type.
src/services/rsmv/scripts/musictrack.ts(56,17): error TS2740: Type 'Uint8Array<ArrayBuffer>' is missing the following properties from type 'Buffer<ArrayBufferLike>': write, toJSON, equals, compare, and 66 more.
src/services/rsmv/scripts/quickchatlookup.ts(2,37): error TS2307: Cannot find module '../../generated/quickchatcategories' or its corresponding type declarations.
src/services/rsmv/scripts/quickchatlookup.ts(4,32): error TS2307: Cannot find module '../../generated/quickchatlines' or its corresponding type declarations.
src/services/rsmv/scripts/quickchatlookup.ts(5,24): error TS2307: Cannot find module 'json-stringify-pretty-compact' or its corresponding type declarations.
src/services/rsmv/scripts/rendercutscene.ts(1,27): error TS2307: Cannot find module '../../generated/cutscenes' or its corresponding type declarations.
src/services/rsmv/scripts/rendercutscene.ts(25,40): error TS7006: Parameter 'a' implicitly has an 'any' type.
src/services/rsmv/scripts/rendercutscene.ts(25,43): error TS7006: Parameter 'v' implicitly has an 'any' type.
src/services/rsmv/scripts/renderrsinterface.ts(1,28): error TS2307: Cannot find module '../../generated/interfaces' or its corresponding type declarations.
src/services/rsmv/scripts/renderrsinterface.ts(192,16): error TS7017: Element implicitly has an 'any' type because type 'typeof globalThis' has no index signature.
src/services/rsmv/scripts/renderrsinterface.ts(193,16): error TS7017: Element implicitly has an 'any' type because type 'typeof globalThis' has no index signature.
src/services/rsmv/scripts/renderrsinterface.ts(553,53): error TS7006: Parameter 'q' implicitly has an 'any' type.
src/services/rsmv/scripts/scrapeavatars.ts(2,19): error TS2307: Cannot find module 'node-fetch' or its corresponding type declarations.
src/services/rsmv/scripts/scrapeavatars.ts(5,24): error TS2307: Cannot find module 'json-stringify-pretty-compact' or its corresponding type declarations.
src/services/rsmv/scripts/searchmap.ts(2,82): error TS2307: Cannot find module 'cmd-ts' or its corresponding type declarations.
src/services/rsmv/scripts/searchmap.ts(4,24): error TS2307: Cannot find module 'json-stringify-pretty-compact' or its corresponding type declarations.
src/services/rsmv/scripts/searchmap.ts(16,18): error TS7006: Parameter 'args' implicitly has an 'any' type.
src/services/rsmv/scripts/searchmap.ts(33,35): error TS7006: Parameter 'q' implicitly has an 'any' type.
src/services/rsmv/scripts/testdecode.ts(164,6): error TS2322: Type 'unknown' is not assignable to type 'Error | null'.
src/services/rsmv/scripts/testdecode.ts(181,19): error TS7017: Element implicitly has an 'any' type because type 'typeof globalThis' has no index signature.
src/services/rsmv/scripts/testdecode.ts(181,51): error TS7017: Element implicitly has an 'any' type because type 'typeof globalThis' has no index signature.
src/services/rsmv/scripts/testdecode.ts(213,20): error TS7017: Element implicitly has an 'any' type because type 'typeof globalThis' has no index signature.
src/services/rsmv/scripts/testdecode.ts(213,57): error TS7017: Element implicitly has an 'any' type because type 'typeof globalThis' has no index signature.
src/services/rsmv/scripts/testdecode.ts(271,3): error TS2322: Type 'unknown' is not assignable to type 'Error | null'.
src/services/rsmv/utils.ts(41,31): error TS7053: Element implicitly has an 'any' type because expression of type 'string' can't be used to index type '{}'.
  No index signature with a parameter of type 'string' was found on type '{}'.
src/services/rsmv/utils.ts(42,25): error TS7053: Element implicitly has an 'any' type because expression of type 'string' can't be used to index type '{}'.
  No index signature with a parameter of type 'string' was found on type '{}'.
src/services/rsmv/utils.ts(61,12): error TS7017: Element implicitly has an 'any' type because type 'typeof globalThis' has no index signature.
src/services/rsmv/utils.ts(154,15): error TS18046: 'e' is of type 'unknown'.
src/services/rsmv/utils.ts(199,10): error TS7009: 'new' expression, whose target lacks a construct signature, implicitly has an 'any' type.
src/services/rsmv/utils.ts(408,12): error TS7017: Element implicitly has an 'any' type because type 'typeof globalThis' has no index signature.
src/services/rsmv/utils.ts(565,19): error TS7031: Binding element 'set' implicitly has an 'any' type.
src/services/rsmv/utils.ts(565,24): error TS7031: Binding element 'ref' implicitly has an 'any' type.
src/services/rsmv/viewer/commoncontrols.tsx(2,29): error TS2307: Cannot find module 'autobind-decorator' or its corresponding type declarations.
src/services/rsmv/viewer/commoncontrols.tsx(3,24): error TS2307: Cannot find module 'json-stringify-pretty-compact' or its corresponding type declarations.
src/services/rsmv/viewer/commoncontrols.tsx(4,24): error TS2307: Cannot find module 'classnames' or its corresponding type declarations.
src/services/rsmv/viewer/commoncontrols.tsx(5,29): error TS2307: Cannot find module '3d/modeltothree' or its corresponding type declarations.
src/services/rsmv/viewer/commoncontrols.tsx(6,36): error TS2307: Cannot find module 'scripts/filetypes' or its corresponding type declarations.
src/services/rsmv/viewer/commoncontrols.tsx(106,66): error TS2345: Argument of type 'string | number | symbol' is not assignable to parameter of type '"items" | "frames" | "enums" | "fontmetrics" | "mapscenes" | "sequences" | "framemaps" | "models" | "oldmodels" | "classicmodels" | "materials" | "oldmaterials" | "environments" | ... 34 more ... | "clientscriptops"'.
  Type 'string' is not assignable to type '"items" | "frames" | "enums" | "fontmetrics" | "mapscenes" | "sequences" | "framemaps" | "models" | "oldmodels" | "classicmodels" | "materials" | "oldmaterials" | "environments" | ... 34 more ... | "clientscriptops"'.
src/services/rsmv/viewer/cs2viewer.tsx(2,30): error TS2307: Cannot find module '../../generated/clientscript' or its corresponding type declarations.
src/services/rsmv/viewer/cs2viewer.tsx(14,47): error TS7017: Element implicitly has an 'any' type because type 'typeof globalThis' has no index signature.
src/services/rsmv/viewer/cs2viewer.tsx(35,16): error TS7017: Element implicitly has an 'any' type because type 'typeof globalThis' has no index signature.
src/services/rsmv/viewer/index.tsx(5,29): error TS2307: Cannot find module 'autobind-decorator' or its corresponding type declarations.
src/services/rsmv/viewer/index.tsx(6,28): error TS2307: Cannot find module 'idb-keyval' or its corresponding type declarations.
src/services/rsmv/viewer/index.tsx(12,24): error TS2307: Cannot find module 'classnames' or its corresponding type declarations.
src/services/rsmv/viewer/index.tsx(15,24): error TS2307: Cannot find module 'cmd-ts' or its corresponding type declarations.
src/services/rsmv/viewer/index.tsx(31,13): error TS7017: Element implicitly has an 'any' type because type 'typeof globalThis' has no index signature.
src/services/rsmv/viewer/index.tsx(59,14): error TS7006: Parameter 'p' implicitly has an 'any' type.
src/services/rsmv/viewer/index.tsx(85,15): error TS7017: Element implicitly has an 'any' type because type 'typeof globalThis' has no index signature.
src/services/rsmv/viewer/index.tsx(94,16): error TS7017: Element implicitly has an 'any' type because type 'typeof globalThis' has no index signature.
src/services/rsmv/viewer/index.tsx(95,16): error TS7017: Element implicitly has an 'any' type because type 'typeof globalThis' has no index signature.
src/services/rsmv/viewer/jsonsearch.tsx(127,8): error TS7023: 'getprop' implicitly has return type 'any' because it does not have a return type annotation and is referenced directly or indirectly in one of its return expressions.
src/services/rsmv/viewer/jsonsearch.tsx(173,25): error TS7015: Element implicitly has an 'any' type because index expression is not of type 'number'.
src/services/rsmv/viewer/maincomponents.tsx(4,29): error TS2307: Cannot find module 'autobind-decorator' or its corresponding type declarations.
src/services/rsmv/viewer/maincomponents.tsx(7,28): error TS2307: Cannot find module 'idb-keyval' or its corresponding type declarations.
src/services/rsmv/viewer/maincomponents.tsx(13,24): error TS2307: Cannot find module 'json-stringify-pretty-compact' or its corresponding type declarations.
src/services/rsmv/viewer/maincomponents.tsx(19,24): error TS2307: Cannot find module 'classnames' or its corresponding type declarations.
src/services/rsmv/viewer/maincomponents.tsx(28,29): error TS2307: Cannot find module 'electron/renderer' or its corresponding type declarations.
src/services/rsmv/viewer/maincomponents.tsx(181,14): error TS7006: Parameter 'p' implicitly has an 'any' type.
src/services/rsmv/viewer/maincomponents.tsx(188,68): error TS7006: Parameter 'f' implicitly has an 'any' type.
src/services/rsmv/viewer/maincomponents.tsx(211,19): error TS2304: Cannot find name 'showDirectoryPicker'.
src/services/rsmv/viewer/maincomponents.tsx(218,19): error TS2307: Cannot find module 'electron' or its corresponding type declarations.
src/services/rsmv/viewer/maincomponents.tsx(220,91): error TS7017: Element implicitly has an 'any' type because type 'typeof globalThis' has no index signature.
src/services/rsmv/viewer/maincomponents.tsx(232,39): error TS2339: Property 'requestPermission' does not exist on type 'FileSystemDirectoryHandle'.
src/services/rsmv/viewer/maincomponents.tsx(248,14): error TS2339: Property 'getAsFileSystemHandle' does not exist on type 'DataTransferItem'.
src/services/rsmv/viewer/maincomponents.tsx(249,35): error TS2339: Property 'getAsFileSystemHandle' does not exist on type 'DataTransferItem'.
src/services/rsmv/viewer/maincomponents.tsx(257,36): error TS2339: Property 'values' does not exist on type 'FileSystemDirectoryHandle'.
src/services/rsmv/viewer/maincomponents.tsx(403,35): error TS2339: Property 'queryPermission' does not exist on type 'FileSystemDirectoryHandle'.
src/services/rsmv/viewer/maincomponents.tsx(705,25): error TS7006: Parameter 'q' implicitly has an 'any' type.
src/services/rsmv/viewer/maincomponents.tsx(705,28): error TS7006: Parameter 'i' implicitly has an 'any' type.
src/services/rsmv/viewer/rsuiviewer.tsx(12,44): error TS7017: Element implicitly has an 'any' type because type 'typeof globalThis' has no index signature.
src/services/rsmv/viewer/rsuiviewer.tsx(13,43): error TS7017: Element implicitly has an 'any' type because type 'typeof globalThis' has no index signature.
src/services/rsmv/viewer/rsuiviewer.tsx(143,66): error TS2339: Property 'length' does not exist on type '{}'.
src/services/rsmv/viewer/rsuiviewer.tsx(145,16): error TS7053: Element implicitly has an 'any' type because expression of type '0' can't be used to index type '{}'.
  Property '0' does not exist on type '{}'.
src/services/rsmv/viewer/rsuiviewer.tsx(146,22): error TS7053: Element implicitly has an 'any' type because expression of type '0' can't be used to index type '{}'.
  Property '0' does not exist on type '{}'.
src/services/rsmv/viewer/rsuiviewer.tsx(148,113): error TS2345: Argument of type '{}' is not assignable to parameter of type '(string | number)[]'.
  Type '{}' is missing the following properties from type '(string | number)[]': length, pop, push, concat, and 29 more.
src/services/rsmv/viewer/rsuiviewer.tsx(149,29): error TS2339: Property 'slice' does not exist on type '{}'.
src/services/rsmv/viewer/rsuiviewer.tsx(149,42): error TS7006: Parameter 'q' implicitly has an 'any' type.
src/services/rsmv/viewer/scenenodes.tsx(3,29): error TS2307: Cannot find module 'autobind-decorator' or its corresponding type declarations.
src/services/rsmv/viewer/scenenodes.tsx(9,24): error TS2307: Cannot find module 'classnames' or its corresponding type declarations.
src/services/rsmv/viewer/scenenodes.tsx(21,33): error TS2307: Cannot find module '../../generated/avataroverrides' or its corresponding type declarations.
src/services/rsmv/viewer/scenenodes.tsx(23,23): error TS2307: Cannot find module '../../generated/items' or its corresponding type declarations.
src/services/rsmv/viewer/scenenodes.tsx(25,19): error TS2307: Cannot find module 'node-fetch' or its corresponding type declarations.
src/services/rsmv/viewer/scenenodes.tsx(26,36): error TS2307: Cannot find module '../../generated/mapsquare_overlays' or its corresponding type declarations.
src/services/rsmv/viewer/scenenodes.tsx(27,37): error TS2307: Cannot find module '../../generated/mapsquare_underlays' or its corresponding type declarations.
src/services/rsmv/viewer/scenenodes.tsx(38,24): error TS2307: Cannot find module 'cmd-ts' or its corresponding type declarations.
src/services/rsmv/viewer/scenenodes.tsx(50,15): error TS7053: Element implicitly has an 'any' type because expression of type 'any' can't be used to index type '{}'.
src/services/rsmv/viewer/scenenodes.tsx(51,15): error TS7053: Element implicitly has an 'any' type because expression of type 'any' can't be used to index type '{}'.
src/services/rsmv/viewer/scenenodes.tsx(512,65): error TS2345: Argument of type 'string[]' is not assignable to parameter of type 'number[]'.
  Type 'string' is not assignable to type 'number'.
src/services/rsmv/viewer/scenenodes.tsx(770,128): error TS7015: Element implicitly has an 'any' type because index expression is not of type 'number'.
src/services/rsmv/viewer/scenenodes.tsx(852,37): error TS7006: Parameter 'q' implicitly has an 'any' type.
src/services/rsmv/viewer/scenenodes.tsx(912,18): error TS2322: Type 'string | number | symbol' is not assignable to type 'string'.
  Type 'number' is not assignable to type 'string'.
src/services/rsmv/viewer/scenenodes.tsx(941,46): error TS7006: Parameter 'q' implicitly has an 'any' type.
src/services/rsmv/viewer/scenenodes.tsx(941,49): error TS7006: Parameter 'i' implicitly has an 'any' type.
src/services/rsmv/viewer/scenenodes.tsx(990,15): error TS7053: Element implicitly has an 'any' type because expression of type 'number' can't be used to index type '{ 4: number; 6: number; 7: number; 8: number; 9: number; 10: number; }'.
  No index signature with a parameter of type 'number' was found on type '{ 4: number; 6: number; 7: number; 8: number; 9: number; 10: number; }'.
src/services/rsmv/viewer/scenenodes.tsx(1033,29): error TS7031: Binding element 'from' implicitly has an 'any' type.
src/services/rsmv/viewer/scenenodes.tsx(1033,35): error TS7031: Binding element 'to' implicitly has an 'any' type.
src/services/rsmv/viewer/scenenodes.tsx(1033,40): error TS7006: Parameter 'i' implicitly has an 'any' type.
src/services/rsmv/viewer/scenenodes.tsx(1137,38): error TS2345: Argument of type 'Group<Object3DEventMap>' is not assignable to parameter of type 'Object3D<Object3DEventMap>'.
  Type 'Group<Object3DEventMap>' is missing the following properties from type 'Object3D<Object3DEventMap>': setPointerCapture, releasePointerCapture, hasPointerCapture
src/services/rsmv/viewer/scenenodes.tsx(1142,37): error TS2345: Argument of type 'Group<Object3DEventMap>' is not assignable to parameter of type 'Object3D<Object3DEventMap>'.
  Type 'Group<Object3DEventMap>' is missing the following properties from type 'Object3D<Object3DEventMap>': setPointerCapture, releasePointerCapture, hasPointerCapture
src/services/rsmv/viewer/scenenodes.tsx(1167,106): error TS7015: Element implicitly has an 'any' type because index expression is not of type 'number'.
src/services/rsmv/viewer/scenenodes.tsx(1361,7): error TS7053: Element implicitly has an 'any' type because expression of type 'string' can't be used to index type '{ diffuse?: number | undefined; normal?: number | undefined; compound?: number | undefined; }'.
  No index signature with a parameter of type 'string' was found on type '{ diffuse?: number | undefined; normal?: number | undefined; compound?: number | undefined; }'.
src/services/rsmv/viewer/scenenodes.tsx(1362,34): error TS7053: Element implicitly has an 'any' type because expression of type 'string' can't be used to index type '{ diffuse?: number | undefined; normal?: number | undefined; compound?: number | undefined; }'.
  No index signature with a parameter of type 'string' was found on type '{ diffuse?: number | undefined; normal?: number | undefined; compound?: number | undefined; }'.
src/services/rsmv/viewer/scenenodes.tsx(1671,14): error TS7006: Parameter 'p' implicitly has an 'any' type.
src/services/rsmv/viewer/scenenodes.tsx(1725,51): error TS7017: Element implicitly has an 'any' type because type 'typeof globalThis' has no index signature.
src/services/rsmv/viewer/scenenodes.tsx(1726,49): error TS7017: Element implicitly has an 'any' type because type 'typeof globalThis' has no index signature.
src/services/rsmv/viewer/scenenodes.tsx(1741,5): error TS2322: Type '() => { modelnode: Group<Object3DEventMap> | undefined; }' is not assignable to type '() => ThreeJsSceneElement | ThreeJsSceneElement[]'.
  Type '{ modelnode: Group<Object3DEventMap> | undefined; }' is not assignable to type 'ThreeJsSceneElement | ThreeJsSceneElement[]'.
    Type '{ modelnode: Group<Object3DEventMap> | undefined; }' is not assignable to type 'ThreeJsSceneElement'.
      Types of property 'modelnode' are incompatible.
        Type 'Group<Object3DEventMap> | undefined' is not assignable to type 'Object3D<Object3DEventMap> | undefined'.
          Type 'Group<Object3DEventMap>' is missing the following properties from type 'Object3D<Object3DEventMap>': setPointerCapture, releasePointerCapture, hasPointerCapture
src/services/rsmv/viewer/scenenodes.tsx(1744,5): error TS2322: Type '() => { modelnode: Group<Object3DEventMap> | undefined; }' is not assignable to type '() => ThreeJsSceneElement | ThreeJsSceneElement[]'.
  Type '{ modelnode: Group<Object3DEventMap> | undefined; }' is not assignable to type 'ThreeJsSceneElement | ThreeJsSceneElement[]'.
    Type '{ modelnode: Group<Object3DEventMap> | undefined; }' is not assignable to type 'ThreeJsSceneElement'.
      Types of property 'modelnode' are incompatible.
        Type 'Group<Object3DEventMap> | undefined' is not assignable to type 'Object3D<Object3DEventMap> | undefined'.
          Type 'Group<Object3DEventMap>' is missing the following properties from type 'Object3D<Object3DEventMap>': setPointerCapture, releasePointerCapture, hasPointerCapture
src/services/rsmv/viewer/scenenodes.tsx(1973,17): error TS2503: Cannot find namespace 'JSX'.
src/services/rsmv/viewer/scenenodes.tsx(2022,166): error TS2322: Type '(v: HTMLInputElement | null) => boolean | null' is not assignable to type 'Ref<HTMLInputElement> | undefined'.
  Type '(v: HTMLInputElement | null) => boolean | null' is not assignable to type '(instance: HTMLInputElement | null) => void | (() => VoidOrUndefinedOnly)'.
    Type 'boolean | null' is not assignable to type 'void | (() => VoidOrUndefinedOnly)'.
      Type 'null' is not assignable to type 'void | (() => VoidOrUndefinedOnly)'.
src/services/rsmv/viewer/scenenodes.tsx(2075,14): error TS7006: Parameter 'p' implicitly has an 'any' type.
src/services/rsmv/viewer/scenenodes.tsx(2095,17): error TS2503: Cannot find namespace 'JSX'.
src/services/rsmv/viewer/scriptsui.tsx(12,29): error TS2307: Cannot find module 'electron/renderer' or its corresponding type declarations.
src/services/rsmv/viewer/scriptsui.tsx(63,35): error TS2339: Property 'entries' does not exist on type 'FileSystemDirectoryHandle'.
src/services/rsmv/viewer/scriptsui.tsx(396,37): error TS7053: Element implicitly has an 'any' type because expression of type 'string' can't be used to index type '{ console: string; }'.
  No index signature with a parameter of type 'string' was found on type '{ console: string; }'.
src/services/rsmv/viewer/scriptsui.tsx(501,14): error TS7017: Element implicitly has an 'any' type because type 'typeof globalThis' has no index signature.
src/services/rsmv/viewer/scriptsui.tsx(503,15): error TS7017: Element implicitly has an 'any' type because type 'typeof globalThis' has no index signature.
src/services/rsmv/viewer/scriptsui.tsx(533,14): error TS2503: Cannot find namespace 'Electron'.
src/services/rsmv/viewer/scriptsui.tsx(537,21): error TS2304: Cannot find name 'showDirectoryPicker'.
src/services/rsmv/viewer/threejsrender.ts(3,31): error TS2307: Cannot find module 'three/examples/jsm/controls/OrbitControls' or its corresponding type declarations.
src/services/rsmv/viewer/threejsrender.ts(6,29): error TS2307: Cannot find module 'autobind-decorator' or its corresponding type declarations.
src/services/rsmv/viewer/threejsrender.ts(7,30): error TS2307: Cannot find module 'three/examples/jsm/exporters/GLTFExporter' or its corresponding type declarations.
src/services/rsmv/viewer/threejsrender.ts(8,29): error TS2307: Cannot find module 'three/examples/jsm/exporters/STLExporter' or its corresponding type declarations.
src/services/rsmv/viewer/threejsrender.ts(16,12): error TS7017: Element implicitly has an 'any' type because type 'typeof globalThis' has no index signature.
src/services/rsmv/viewer/threejsrender.ts(18,12): error TS7017: Element implicitly has an 'any' type because type 'typeof globalThis' has no index signature.
src/services/rsmv/viewer/threejsrender.ts(19,12): error TS7017: Element implicitly has an 'any' type because type 'typeof globalThis' has no index signature.
src/services/rsmv/viewer/threejsrender.ts(87,14): error TS7017: Element implicitly has an 'any' type because type 'typeof globalThis' has no index signature.
src/services/rsmv/viewer/threejsrender.ts(124,12): error TS2339: Property 'useLegacyLights' does not exist on type 'WebGLRenderer'.
src/services/rsmv/viewer/threejsrender.ts(167,27): error TS2345: Argument of type 'AmbientLight' is not assignable to parameter of type 'Object3D<Object3DEventMap>'.
  Types of property 'copy' are incompatible.
    Type '(source: AmbientLight, recursive?: boolean | undefined) => AmbientLight' is not assignable to type '(object: Object3D<Object3DEventMap>, recursive?: boolean | undefined) => this'.
      Types of parameters 'source' and 'object' are incompatible.
        Type 'Object3D<Object3DEventMap>' is missing the following properties from type 'AmbientLight': isAmbientLight, isLight, color, intensity, and 2 more.
src/services/rsmv/viewer/threejsrender.ts(168,27): error TS2345: Argument of type 'DirectionalLight' is not assignable to parameter of type 'Object3D<Object3DEventMap>'.
  Types of property 'copy' are incompatible.
    Type '(source: DirectionalLight, recursive?: boolean | undefined) => DirectionalLight' is not assignable to type '(object: Object3D<Object3DEventMap>, recursive?: boolean | undefined) => this'.
      Types of parameters 'source' and 'object' are incompatible.
        Type 'Object3D<Object3DEventMap>' is missing the following properties from type 'DirectionalLight': isDirectionalLight, shadow, target, dispose, and 3 more.
src/services/rsmv/viewer/threejsrender.ts(169,27): error TS2345: Argument of type 'HemisphereLight' is not assignable to parameter of type 'Object3D<Object3DEventMap>'.
  Types of property 'copy' are incompatible.
    Type '(source: HemisphereLight, recursive?: boolean | undefined) => HemisphereLight' is not assignable to type '(object: Object3D<Object3DEventMap>, recursive?: boolean | undefined) => this'.
      Types of parameters 'source' and 'object' are incompatible.
        Type 'Object3D<Object3DEventMap>' is missing the following properties from type 'HemisphereLight': isHemisphereLight, color, groundColor, isLight, and 3 more.
src/services/rsmv/viewer/threejsrender.ts(240,28): error TS2345: Argument of type 'import("C:/Users/Destiny/Desktop/projects/OKComputer_rebuild my app for me/antigravity-engine/node_modules/@types/three/build/three.module").Object3D<import("C:/Users/Destiny/Desktop/projects/OKComputer_rebuild my app for me/antigravity-engine/node_modules/@types/three/src/core/Object3D").Object3DEventMap>' is not assignable to parameter of type 'import("C:/Users/Destiny/Desktop/projects/OKComputer_rebuild my app for me/antigravity-engine/node_modules/@types/three/src/core/Object3D").Object3D<import("C:/Users/Destiny/Desktop/projects/OKComputer_rebuild my app for me/antigravity-engine/node_modules/@types/three/src/core/Object3D").Object3DEventMap>'.
  The types returned by 'applyQuaternion(...)' are incompatible between these types.
    Type 'Object3D<Object3DEventMap>' is not assignable to type 'this'.
      'this' could be instantiated with an arbitrary type which could be unrelated to 'Object3D<Object3DEventMap>'.
src/services/rsmv/viewer/threejsrender.ts(242,26): error TS2345: Argument of type 'import("C:/Users/Destiny/Desktop/projects/OKComputer_rebuild my app for me/antigravity-engine/node_modules/@types/three/build/three.module").Object3D<import("C:/Users/Destiny/Desktop/projects/OKComputer_rebuild my app for me/antigravity-engine/node_modules/@types/three/src/core/Object3D").Object3DEventMap>' is not assignable to parameter of type 'import("C:/Users/Destiny/Desktop/projects/OKComputer_rebuild my app for me/antigravity-engine/node_modules/@types/three/src/core/Object3D").Object3D<import("C:/Users/Destiny/Desktop/projects/OKComputer_rebuild my app for me/antigravity-engine/node_modules/@types/three/src/core/Object3D").Object3DEventMap>'.
  The types returned by 'applyQuaternion(...)' are incompatible between these types.
    Type 'Object3D<Object3DEventMap>' is not assignable to type 'this'.
      'this' could be instantiated with an arbitrary type which could be unrelated to 'Object3D<Object3DEventMap>'.
src/services/rsmv/viewer/threejsrender.ts(289,12): error TS2345: Argument of type 'import("C:/Users/Destiny/Desktop/projects/OKComputer_rebuild my app for me/antigravity-engine/node_modules/@types/three/build/three.module").Object3D<import("C:/Users/Destiny/Desktop/projects/OKComputer_rebuild my app for me/antigravity-engine/node_modules/@types/three/src/core/Object3D").Object3DEventMap>' is not assignable to parameter of type 'import("C:/Users/Destiny/Desktop/projects/OKComputer_rebuild my app for me/antigravity-engine/node_modules/@types/three/src/core/Object3D").Object3D<import("C:/Users/Destiny/Desktop/projects/OKComputer_rebuild my app for me/antigravity-engine/node_modules/@types/three/src/core/Object3D").Object3DEventMap>'.
  The types returned by 'applyQuaternion(...)' are incompatible between these types.
    Type 'Object3D<Object3DEventMap>' is not assignable to type 'this'.
      'this' could be instantiated with an arbitrary type which could be unrelated to 'Object3D<Object3DEventMap>'.
src/services/rsmv/viewer/threejsrender.ts(291,14): error TS2345: Argument of type 'import("C:/Users/Destiny/Desktop/projects/OKComputer_rebuild my app for me/antigravity-engine/node_modules/@types/three/build/three.module").Object3D<import("C:/Users/Destiny/Desktop/projects/OKComputer_rebuild my app for me/antigravity-engine/node_modules/@types/three/src/core/Object3D").Object3DEventMap>' is not assignable to parameter of type 'import("C:/Users/Destiny/Desktop/projects/OKComputer_rebuild my app for me/antigravity-engine/node_modules/@types/three/src/core/Object3D").Object3D<import("C:/Users/Destiny/Desktop/projects/OKComputer_rebuild my app for me/antigravity-engine/node_modules/@types/three/src/core/Object3D").Object3DEventMap>'.
  The types returned by 'applyQuaternion(...)' are incompatible between these types.
    Type 'Object3D<Object3DEventMap>' is not assignable to type 'this'.
      'this' could be instantiated with an arbitrary type which could be unrelated to 'Object3D<Object3DEventMap>'.
src/services/rsmv/viewer/threejsrender.ts(293,27): error TS2322: Type 'this | Camera' is not assignable to type 'Camera'.
  Type 'this' is not assignable to type 'Camera'.
    Type 'Object3D<TEventMap>' is missing the following properties from type 'Camera': isCamera, matrixWorldInverse, projectionMatrix, projectionMatrixInverse, and 2 more.
src/services/rsmv/viewer/threejsrender.ts(370,24): error TS7017: Element implicitly has an 'any' type because type 'typeof globalThis' has no index signature.
src/services/rsmv/viewer/threejsrender.ts(446,5): error TS2322: Type 'string' is not assignable to type 'ColorSpace | undefined'.
src/services/rsmv/viewer/threejsrender.ts(576,8): error TS2739: Type 'Object3D<Object3DEventMap>' is missing the following properties from type 'Object3D<Object3DEventMap>': setPointerCapture, releasePointerCapture, hasPointerCapture
src/services/rsmv/viewer/threejsrender.ts(577,9): error TS18047: 'obj' is possibly 'null'.
src/services/rsmv/viewer/threejsrender.ts(578,19): error TS18047: 'obj' is possibly 'null'.
src/services/rsmv/viewer/threejsrender.ts(581,16): error TS7017: Element implicitly has an 'any' type because type 'typeof globalThis' has no index signature.
src/services/rsmv/viewer/threejsrender.ts(583,20): error TS7017: Element implicitly has an 'any' type because type 'typeof globalThis' has no index signature.
src/services/rsmv/viewer/threejsrender.ts(614,9): error TS18047: 'clickindex' is possibly 'null'.
src/services/rsmv/viewer/threejsrender.ts(629,27): error TS2739: Type 'Object3D<Object3DEventMap>' is missing the following properties from type 'Object3D<Object3DEventMap>': setPointerCapture, releasePointerCapture, hasPointerCapture
src/services/rsmv/viewer/threejsrender.ts(655,13): error TS2345: Argument of type 'AmbientLight' is not assignable to parameter of type 'Object3D<Object3DEventMap>'.
  Types of property 'copy' are incompatible.
    Type '(source: AmbientLight, recursive?: boolean | undefined) => AmbientLight' is not assignable to type '(object: Object3D<Object3DEventMap>, recursive?: boolean | undefined) => this'.
      Types of parameters 'source' and 'object' are incompatible.
        Type 'Object3D<Object3DEventMap>' is missing the following properties from type 'AmbientLight': isAmbientLight, isLight, color, intensity, and 2 more.
src/services/rsmv/viewer/threejsrender.ts(662,13): error TS2345: Argument of type 'DirectionalLight' is not assignable to parameter of type 'Object3D<Object3DEventMap>'.
  Types of property 'copy' are incompatible.
    Type '(source: DirectionalLight, recursive?: boolean | undefined) => DirectionalLight' is not assignable to type '(object: Object3D<Object3DEventMap>, recursive?: boolean | undefined) => this'.
      Types of parameters 'source' and 'object' are incompatible.
        Type 'Object3D<Object3DEventMap>' is missing the following properties from type 'DirectionalLight': isDirectionalLight, shadow, target, dispose, and 3 more.
src/services/rsmv/viewer/threejsrender.ts(663,13): error TS2345: Argument of type 'HemisphereLight' is not assignable to parameter of type 'Object3D<Object3DEventMap>'.
  Types of property 'copy' are incompatible.
    Type '(source: HemisphereLight, recursive?: boolean | undefined) => HemisphereLight' is not assignable to type '(object: Object3D<Object3DEventMap>, recursive?: boolean | undefined) => this'.
      Types of parameters 'source' and 'object' are incompatible.
        Type 'Object3D<Object3DEventMap>' is missing the following properties from type 'HemisphereLight': isHemisphereLight, color, groundColor, isLight, and 3 more.
src/services/rsmv/viewer/threejsrender.ts(672,22): error TS2345: Argument of type 'import("C:/Users/Destiny/Desktop/projects/OKComputer_rebuild my app for me/antigravity-engine/node_modules/@types/three/build/three.module").Object3D<import("C:/Users/Destiny/Desktop/projects/OKComputer_rebuild my app for me/antigravity-engine/node_modules/@types/three/src/core/Object3D").Object3DEventMap>' is not assignable to parameter of type 'import("C:/Users/Destiny/Desktop/projects/OKComputer_rebuild my app for me/antigravity-engine/node_modules/@types/three/src/core/Object3D").Object3D<import("C:/Users/Destiny/Desktop/projects/OKComputer_rebuild my app for me/antigravity-engine/node_modules/@types/three/src/core/Object3D").Object3DEventMap>'.
  The types returned by 'applyQuaternion(...)' are incompatible between these types.
    Type 'Object3D<Object3DEventMap>' is not assignable to type 'this'.
      'this' could be instantiated with an arbitrary type which could be unrelated to 'Object3D<Object3DEventMap>'.
src/services/rsmv/viewer/threejsrender.ts(676,19): error TS2345: Argument of type 'import("C:/Users/Destiny/Desktop/projects/OKComputer_rebuild my app for me/antigravity-engine/node_modules/@types/three/build/three.module").Object3D<import("C:/Users/Destiny/Desktop/projects/OKComputer_rebuild my app for me/antigravity-engine/node_modules/@types/three/src/core/Object3D").Object3DEventMap>' is not assignable to parameter of type 'import("C:/Users/Destiny/Desktop/projects/OKComputer_rebuild my app for me/antigravity-engine/node_modules/@types/three/src/core/Object3D").Object3D<import("C:/Users/Destiny/Desktop/projects/OKComputer_rebuild my app for me/antigravity-engine/node_modules/@types/three/src/core/Object3D").Object3DEventMap>'.
  The types returned by 'applyQuaternion(...)' are incompatible between these types.
    Type 'Object3D<Object3DEventMap>' is not assignable to type 'this'.
      'this' could be instantiated with an arbitrary type which could be unrelated to 'Object3D<Object3DEventMap>'.
src/services/rsmv/viewer/threejsrender.ts(690,6): error TS2322: Type 'string' is not assignable to type 'ColorSpace | undefined'.
src/services/rsmv/viewer/threejsrender.ts(717,20): error TS2345: Argument of type 'Scene<Object3DEventMap>' is not assignable to parameter of type 'Object3D<Object3DEventMap>'.
  Type 'Scene<Object3DEventMap>' is missing the following properties from type 'Object3D<Object3DEventMap>': setPointerCapture, releasePointerCapture, hasPointerCapture
src/services/rsmv/viewer/threejsrender.ts(730,18): error TS7053: Element implicitly has an 'any' type because expression of type 'string' can't be used to index type 'Material'.
  No index signature with a parameter of type 'string' was found on type 'Material'.
src/services/rsmv/viewer/threejsrender.ts(803,24): error TS7006: Parameter 'gltf' implicitly has an 'any' type.
src/services/rsmv/viewer/vr360camera.ts(1,132): error TS2305: Module '"three"' has no exported member 'Renderer'.
src/services/rsmv/viewer/vr360camera.ts(50,4): error TS2322: Type 'string' is not assignable to type 'ColorSpace | undefined'.
