src/App.tsx(494,90): error TS2739: Type '{}' is missing the following properties from type 'WorldProps': worldConfig, onUpdateWorld
src/App.tsx(495,89): error TS2739: Type '{}' is missing the following properties from type 'PersistenceProps': variableData, sceneObjects, assets, engineLogs
src/components/nexus/AssistantOverlay.tsx(28,17): error TS2552: Cannot find name 'generateSuggestions'. Did you mean 'setSuggestions'?
src/components/nexus/Config.tsx(70,26): error TS2304: Cannot find name 'GitBranch'.
src/components/nexus/Config.tsx(74,26): error TS2304: Cannot find name 'GitBranchManager'.
src/components/nexus/Registry.tsx(34,31): error TS2740: Type '{ id: string; name: any; type: "mesh"; url: any; tags: string[]; status: "optimized"; }' is missing the following properties from type 'UserAsset': format, size, ownerId, isPublic, and 4 more.
src/services/directorMemoryService.ts(27,12): error TS2339: Property 'subscribeQuery' does not exist on type 'InstantReactWebDatabase<AppSchema, true, InstantConfig<AppSchema, true>>'.
src/services/directorMemoryService.ts(27,46): error TS7006: Parameter 'resp' implicitly has an 'any' type.
src/services/gameData/shaderStorageService.ts(28,9): error TS2739: Type '{ code: string; type: "vertex" | "fragment"; updatedAt: number; }' is missing the following properties from type 'ShaderAsset': id, name
